******************************************************************************
                  TI ARM Linker PC v18.12.1                    
******************************************************************************
>> Linked Mon May 27 23:35:40 2019

OUTPUT FILE NAME:   <PAE llibreries.out>
ENTRY POINT SYMBOL: "_c_int00_noargs"  address: 000054cd


MEMORY CONFIGURATION

         name            origin    length      used     unused   attr    fill
----------------------  --------  ---------  --------  --------  ----  --------
  MAIN                  00000000   00040000  0000664f  000399b1  R  X
  INFO                  00200000   00004000  00000000  00004000  R  X
  SRAM_CODE             01000000   00010000  00000694  0000f96c  RW X
  SRAM_DATA             20000000   00010000  00000694  0000f96c  RW  


SEGMENT ALLOCATION MAP

run origin  load origin   length   init length attrs members
----------  ----------- ---------- ----------- ----- -------
00000000    00000000    00006650   00006650    r-x
  00000000    00000000    000000e4   000000e4    r-- .intvecs
  000000e4    000000e4    00005518   00005518    r-x .text
  000055fc    000055fc    00001003   00001003    r-- .const
  00006600    00006600    00000050   00000050    r-- .cinit
20000000    20000000    00000494   00000000    rw-
  20000000    20000000    00000454   00000000    rw- .bss
  20000454    20000454    00000040   00000000    rw- .data
2000fe00    2000fe00    00000200   00000000    rw-
  2000fe00    2000fe00    00000200   00000000    rw- .stack


SECTION ALLOCATION MAP

 output                                  attributes/
section   page    origin      length       input sections
--------  ----  ----------  ----------   ----------------
.intvecs   0    00000000    000000e4     
                  00000000    000000e4     startup_msp432p401r_ccs.obj (.intvecs:retain)

.text      0    000000e4    00005518     
                  000000e4    00001050     Practica_04 PAE_Alumnes.obj (.text)
                  00001134    0000104c     lib_PAE2.lib : graphics.obj (.text)
                  00002180    00000a4e     rtsv7M4_T_le_v4SPD16_eabi.lib : _printfi.c.obj (.text:__TI_printfi)
                  00002bce    00000002                                   : div0.asm.obj (.text)
                  00002bd0    000008a8     lib_PAE2.lib : lcd.obj (.text)
                  00003478    0000038c     comunicacio.obj (.text)
                  00003804    00000334     system_msp432p401r.obj (.text)
                  00003b38    00000308     moure_robot.obj (.text)
                  00003e40    00000270     rtsv7M4_T_le_v4SPD16_eabi.lib : _printfi.c.obj (.text:_pconv_a)
                  000040b0    000001d0                                   : _printfi.c.obj (.text:_pconv_g)
                  00004280    000001b6                                   : fd_add_t2.asm.obj (.text)
                  00004436    00000002     --HOLE-- [fill = 0]
                  00004438    00000188     lib_PAE2.lib : msp_LCD.obj (.text)
                  000045c0    0000013c     rtsv7M4_T_le_v4SPD16_eabi.lib : _printfi.c.obj (.text:_pconv_e)
                  000046fc    00000136                                   : fd_div_t2.asm.obj (.text)
                  00004832    00000002     --HOLE-- [fill = 0]
                  00004834    00000134     insturccions_a_robot.obj (.text)
                  00004968    00000124     rtsv7M4_T_le_v4SPD16_eabi.lib : _printfi.c.obj (.text:fcvt)
                  00004a8c    00000110                                   : s_scalbn.c.obj (.text:scalbn)
                  00004b9c    000000fc                                   : fd_mul_t2.asm.obj (.text)
                  00004c98    000000c0     instruccions_a_sensor.obj (.text)
                  00004d58    000000b1     rtsv7M4_T_le_v4SPD16_eabi.lib : _printfi.c.obj (.text:_ltostr)
                  00004e09    00000001     --HOLE-- [fill = 0]
                  00004e0a    0000009c                                   : memcpy_t2.asm.obj (.text)
                  00004ea6    00000096                                   : ull_div_t2.asm.obj (.text)
                  00004f3c    00000086                                   : fd_cmp_t2.asm.obj (.text:__aeabi_cdcmple)
                  00004fc2    00000086                                   : fd_cmp_t2.asm.obj (.text:__aeabi_cdrcmple)
                  00005048    0000007a                                   : memset_t2.asm.obj (.text)
                  000050c2    00000002     --HOLE-- [fill = 0]
                  000050c4    00000078     lib_PAE2.lib : Inicializacion.obj (.text)
                  0000513c    0000006e     rtsv7M4_T_le_v4SPD16_eabi.lib : _printfi.c.obj (.text:_mcpy)
                  000051aa    00000068                                   : copy_decompress_lzss.c.obj (.text:decompress:lzss:__TI_decompress_lzss)
                  00005212    00000002     --HOLE-- [fill = 0]
                  00005214    00000064                                   : s_frexp.c.obj (.text:frexp)
                  00005278    00000056                                   : _printfi.c.obj (.text:_pconv_f)
                  000052ce    00000054                                   : ltoa.c.obj (.text:ltoa)
                  00005322    00000052                                   : _printfi.c.obj (.text:_ecpy)
                  00005374    0000004c                                   : atoi.c.obj (.text:atoi)
                  000053c0    00000048                                   : fd_toi_t2.asm.obj (.text)
                  00005408    00000044                                   : autoinit.c.obj (.text:__TI_auto_init_nobinit_nopinit:__TI_auto_init_nobinit_nopinit)
                  0000544c    00000040                                   : sprintf.c.obj (.text:sprintf)
                  0000548c    0000003e                                   : _printfi.c.obj (.text:_fcpy)
                  000054ca    00000002     --HOLE-- [fill = 0]
                  000054cc    00000034                                   : boot_cortex_m.c.obj (.text:_c_int00_noargs:_c_int00_noargs)
                  00005500    0000002e                                   : i_tofd_t2.asm.obj (.text)
                  0000552e    0000001c                                   : memccpy.c.obj (.text:memccpy)
                  0000554a    0000001a                                   : s_copysign.c.obj (.text:copysign)
                  00005564    00000018                                   : sprintf.c.obj (.text:_outs)
                  0000557c    00000016                                   : strchr.c.obj (.text:strchr)
                  00005592    00000014                                   : strlen.c.obj (.text:strlen)
                  000055a6    00000012                                   : wcslen.c.obj (.text:wcslen)
                  000055b8    0000000e                                   : copy_decompress_none.c.obj (.text:decompress:none:__TI_decompress_none)
                  000055c6    0000000e     startup_msp432p401r_ccs.obj (.text)
                  000055d4    0000000c     rtsv7M4_T_le_v4SPD16_eabi.lib : copy_zero_init.c.obj (.text:decompress:ZI:__TI_zero_init)
                  000055e0    0000000a                                   : sprintf.c.obj (.text:_outc)
                  000055ea    00000002     --HOLE-- [fill = 0]
                  000055ec    00000008                                   : errno.c.obj (.text:__aeabi_errno_addr)
                  000055f4    00000004                                   : pre_init.c.obj (.text:_system_pre_init)
                  000055f8    00000004                                   : exit.c.obj (.text:abort:abort)

.const     0    000055fc    00001003     
                  000055fc    0000082a     lib_PAE2.lib : graphics.obj (.const:font_11x16)
                  00005e26    00000474                  : graphics.obj (.const:font_8x12)
                  0000629a    000001e0                  : graphics.obj (.const:font_5x7)
                  0000647a    00000101     rtsv7M4_T_le_v4SPD16_eabi.lib : ctype.c.obj (.const:.string:_ctypes_)
                  0000657b    00000029     instruccions_a_sensor.obj (.const:.string:$P$T0$1)
                  000065a4    00000029     instruccions_a_sensor.obj (.const:.string:$P$T1$2)
                  000065cd    00000012     comunicacio.obj (.const:.string:$P$T0$1)
                  000065df    00000010     lib_PAE2.lib : lcd.obj (.const:.string:$P$T0$1)
                  000065ef    00000010                  : lcd.obj (.const:.string:$P$T1$2)

.cinit     0    00006600    00000050     
                  00006600    00000029     (.cinit..data.load) [load image, compression = lzss]
                  00006629    00000003     --HOLE-- [fill = 0]
                  0000662c    0000000c     (__TI_handler_table)
                  00006638    00000008     (.cinit..bss.load) [load image, compression = zero_init]
                  00006640    00000010     (__TI_cinit_table)

.init_array 
*          0    00000000    00000000     UNINITIALIZED

.binit     0    00000000    00000000     

.bss       0    20000000    00000454     UNINITIALIZED
                  20000000    00000400     lib_PAE2.lib : graphics.obj (.bss:g_pulConvertedPalette)
                  20000400    00000020     (.common:cadena1)
                  20000420    00000010     (.common:cadena)
                  20000430    00000010     (.common:param)
                  20000440    00000004     (.common:velocidad)
                  20000444    00000002     (.common:DatoLeido_UART)
                  20000446    00000002     (.common:time_g)
                  20000448    00000001     (.common:Byte_Recibido)
                  20000449    00000001     (.common:disMaxC)
                  2000044a    00000001     (.common:disMaxDr)
                  2000044b    00000001     (.common:disMaxIz)
                  2000044c    00000001     (.common:disMinC)
                  2000044d    00000001     (.common:disMinDr)
                  2000044e    00000001     (.common:disMinIz)
                  2000044f    00000001     (.common:discoMode)
                  20000450    00000001     (.common:estado_pared)
                  20000451    00000001     (.common:haTrobatPared)
                  20000452    00000001     (.common:intermitentes)
                  20000453    00000001     (.common:velocidad2)

.data      0    20000454    00000040     UNINITIALIZED
                  20000454    00000010     Practica_04 PAE_Alumnes.obj (.data:borrado)
                  20000464    00000010     Practica_04 PAE_Alumnes.obj (.data:saludo)
                  20000474    0000000a     lib_PAE2.lib : lcd.obj (.data)
                  2000047e    00000008     Practica_04 PAE_Alumnes.obj (.data)
                  20000486    00000004     lib_PAE2.lib : graphics.obj (.data)
                  2000048a    00000002     --HOLE--
                  2000048c    00000004     rtsv7M4_T_le_v4SPD16_eabi.lib : errno.c.obj (.data)
                  20000490    00000004     system_msp432p401r.obj (.data)

.stack     0    2000fe00    00000200     UNINITIALIZED
                  2000fe00    00000004     rtsv7M4_T_le_v4SPD16_eabi.lib : boot_cortex_m.c.obj (.stack)
                  2000fe04    000001fc     --HOLE--

MODULE SUMMARY

       Module                        code    ro data   rw data
       ------                        ----    -------   -------
    .\
       Practica_04 PAE_Alumnes.obj   4176    0         248    
       comunicacio.obj               908     18        0      
       system_msp432p401r.obj        820     0         8      
       moure_robot.obj               776     0         0      
       insturccions_a_robot.obj      308     0         0      
       instruccions_a_sensor.obj     192     82        0      
       startup_msp432p401r_ccs.obj   14      228       0      
    +--+-----------------------------+-------+---------+---------+
       Total:                        7194    328       256    
                                                              
    ../lib_PAE2.lib
       graphics.obj                  4172    3710      2056   
       lcd.obj                       2216    32        20     
       msp_LCD.obj                   392     0         0      
       Inicializacion.obj            120     0         0      
    +--+-----------------------------+-------+---------+---------+
       Total:                        6900    3742      2076   
                                                              
    C:\ti\ccs901\ccs\tools\compiler\ti-cgt-arm_18.12.1.LTS\lib\rtsv7M4_T_le_v4SPD16_eabi.lib
       _printfi.c.obj                4851    0         0      
       fd_add_t2.asm.obj             438     0         0      
       fd_div_t2.asm.obj             310     0         0      
       s_scalbn.c.obj                272     0         0      
       fd_cmp_t2.asm.obj             268     0         0      
       ctype.c.obj                   0       257       0      
       fd_mul_t2.asm.obj             252     0         0      
       memcpy_t2.asm.obj             156     0         0      
       ull_div_t2.asm.obj            150     0         0      
       memset_t2.asm.obj             122     0         0      
       copy_decompress_lzss.c.obj    104     0         0      
       s_frexp.c.obj                 100     0         0      
       sprintf.c.obj                 98      0         0      
       ltoa.c.obj                    84      0         0      
       atoi.c.obj                    76      0         0      
       fd_toi_t2.asm.obj             72      0         0      
       autoinit.c.obj                68      0         0      
       boot_cortex_m.c.obj           52      0         0      
       i_tofd_t2.asm.obj             46      0         0      
       memccpy.c.obj                 28      0         0      
       s_copysign.c.obj              26      0         0      
       strchr.c.obj                  22      0         0      
       strlen.c.obj                  20      0         0      
       wcslen.c.obj                  18      0         0      
       errno.c.obj                   8       0         8      
       copy_decompress_none.c.obj    14      0         0      
       copy_zero_init.c.obj          12      0         0      
       exit.c.obj                    4       0         0      
       pre_init.c.obj                4       0         0      
       div0.asm.obj                  2       0         0      
    +--+-----------------------------+-------+---------+---------+
       Total:                        7677    257       8      
                                                              
       Stack:                        0       0         1024   
       Linker Generated:             0       77        0      
    +--+-----------------------------+-------+---------+---------+
       Grand Total:                  21771   4404      3364   


LINKER GENERATED COPY TABLES

__TI_cinit_table @ 00006640 records: 2, size/record: 8, table size: 16
	.data: load addr=00006600, load size=00000029 bytes, run addr=20000454, run size=00000040 bytes, compression=lzss
	.bss: load addr=00006638, load size=00000008 bytes, run addr=20000000, run size=00000454 bytes, compression=zero_init


LINKER GENERATED HANDLER TABLE

__TI_handler_table @ 0000662c records: 3, size/record: 4, table size: 12
	index: 0, handler: __TI_decompress_lzss
	index: 1, handler: __TI_decompress_none
	index: 2, handler: __TI_zero_init


GLOBAL SYMBOLS: SORTED ALPHABETICALLY BY Name 

address   name                          
-------   ----                          
000055d3  ADC14_IRQHandler              
000055d3  AES256_IRQHandler             
0000376d  Activa_Interrupcion_TimerA1   
00003d89  ApagarRGB_Launchpad           
000055d3  BusFault_Handler              
20000448  Byte_Recibido                 
000055f9  C$$EXIT                       
000055d3  COMP_E0_IRQHandler            
000055d3  COMP_E1_IRQHandler            
000055d3  CS_IRQHandler                 
20000476  Color_Fondo                   
2000047a  Color_Fondo_Inv               
20000478  Color_Texto                   
2000047c  Color_Texto_Inv               
000055d3  DMA_ERR_IRQHandler            
000055d3  DMA_INT0_IRQHandler           
000055d3  DMA_INT1_IRQHandler           
000055d3  DMA_INT2_IRQHandler           
000055d3  DMA_INT3_IRQHandler           
20000444  DatoLeido_UART                
000055d3  DebugMon_Handler              
000055d3  Default_Handler               
000055d3  EUSCIA0_IRQHandler            
000055d3  EUSCIA1_IRQHandler            
000036f3  EUSCIA2_IRQHandler            
000036f3  EUSCIA2_IRQHandler            
000055d3  EUSCIA3_IRQHandler            
000055d3  EUSCIB0_IRQHandler            
000055d3  EUSCIB1_IRQHandler            
000055d3  EUSCIB2_IRQHandler            
000055d3  EUSCIB3_IRQHandler            
000055d3  FLCTL_IRQHandler              
000055d3  FPU_IRQHandler                
20000475  Fuente                        
000055d3  HardFault_Handler             
000055d3  MemManage_Handler             
000055d3  NMI_Handler                   
000055d3  PCM_IRQHandler                
000055d3  PORT1_IRQHandler              
000055d3  PORT2_IRQHandler              
00000fe3  PORT3_IRQHandler              
00000fe3  PORT3_IRQHandler              
0000101f  PORT4_IRQHandler              
0000101f  PORT4_IRQHandler              
00001073  PORT5_IRQHandler              
00001073  PORT5_IRQHandler              
000055d3  PORT6_IRQHandler              
000055d3  PSS_IRQHandler                
000055d3  PendSV_Handler                
000055d3  RTC_C_IRQHandler              
000055c7  Reset_Handler                 
00003717  Reset_Timeout                 
0000359f  RxPacket                      
000055d3  SVC_Handler                   
00003745  Sentit_Dades_Rx               
00003739  Sentit_Dades_Tx               
000055d3  SysTick_Handler               
20000490  SystemCoreClock               
00003805  SystemCoreClockUpdate         
00003a7d  SystemInit                    
000055d3  T32_INT1_IRQHandler           
000055d3  T32_INT2_IRQHandler           
000055d3  T32_INTC_IRQHandler           
000037b3  TA0_0_IRQHandler              
000037b3  TA0_0_IRQHandler              
000055d3  TA0_N_IRQHandler              
000055d3  TA1_0_IRQHandler              
000055d3  TA1_N_IRQHandler              
000055d3  TA2_0_IRQHandler              
000055d3  TA2_N_IRQHandler              
000055d3  TA3_0_IRQHandler              
000055d3  TA3_N_IRQHandler              
00003795  TimeOut                       
00003479  TxPacket                      
00003751  TxUAC2                        
000055d3  UsageFault_Handler            
4000480c  WDTCTL_SYM                    
000055d3  WDT_A_IRQHandler              
20010000  __STACK_END                   
00000200  __STACK_SIZE                  
00006640  __TI_CINIT_Base               
00006650  __TI_CINIT_Limit              
0000662c  __TI_Handler_Table_Base       
00006638  __TI_Handler_Table_Limit      
00005409  __TI_auto_init_nobinit_nopinit
000051ab  __TI_decompress_lzss          
000055b9  __TI_decompress_none          
ffffffff  __TI_pprof_out_hndl           
00002181  __TI_printfi                  
ffffffff  __TI_prof_data_size           
ffffffff  __TI_prof_data_start          
00000000  __TI_static_base__            
000055d5  __TI_zero_init                
00004f3d  __aeabi_cdcmpeq               
00004f3d  __aeabi_cdcmple               
00004fc3  __aeabi_cdrcmple              
000053c1  __aeabi_d2iz                  
0000428b  __aeabi_dadd                  
000046fd  __aeabi_ddiv                  
00004b9d  __aeabi_dmul                  
00004281  __aeabi_dsub                  
000055ed  __aeabi_errno_addr            
00005501  __aeabi_i2d                   
00002bcf  __aeabi_idiv0                 
00002bcf  __aeabi_ldiv0                 
00005049  __aeabi_memclr                
00005049  __aeabi_memclr4               
00005049  __aeabi_memclr8               
00004e0b  __aeabi_memcpy                
00004e0b  __aeabi_memcpy4               
00004e0b  __aeabi_memcpy8               
0000504b  __aeabi_memset                
0000504b  __aeabi_memset4               
0000504b  __aeabi_memset8               
00004ea7  __aeabi_uldivmod              
ffffffff  __binit__                     
ffffffff  __c_args__                    
UNDEFED   __mpu_init                    
2000fe00  __stack                       
000054cd  _c_int00_noargs               
0000647a  _ctypes_                      
20000474  _orientation                  
UNDEFED   _system_post_cinit            
000055f5  _system_pre_init              
000055f9  abort                         
00000c51  accionesMenu                  
00003d9f  apagarLeds                    
00005375  atoi                          
00004913  augm_velocitat                
20000489  bgColorHighByte               
20000488  bgColorLowByte                
ffffffff  binit                         
20000454  borrado                       
000001cb  borrar                        
20000420  cadena                        
20000400  cadena1                       
00003001  cambiar_orientacion           
00001171  clearScreen                   
000011ff  clearScreenBkg                
20000487  colorHighByte                 
20000486  colorLowByte                  
00003d7d  config_P7_LEDS                
0000554b  copysign                      
0000554b  copysignl                     
0000455d  delay                         
20000449  disMaxC                       
2000044a  disMaxDr                      
2000044b  disMaxIz                      
2000044c  disMinC                       
2000044d  disMinDr                      
2000044e  disMinIz                      
2000044f  discoMode                     
0000491d  dism_velocitat                
00001571  drawCharLg                    
00001619  drawCharLgBkg                 
000016fd  drawCharMd                    
000017ab  drawCharMdBkg                 
000013f1  drawCharSm                    
00001497  drawCharSmBkg                 
00001deb  drawCircle                    
0000190d  drawImage                     
00001925  drawImageLut                  
00001a33  drawImageMono                 
00001b91  drawLine                      
00001a51  drawLogicLine                 
00001287  drawPixel                     
00001d87  drawRect                      
000012b7  drawString                    
2000048c  errno                         
000001df  escribir                      
2000047f  estado                        
20000480  estado_anterior               
20000450  estado_pared                  
00002009  fillCircle                    
00001f6b  fillRect                      
000055fc  font_11x16                    
0000629a  font_5x7                      
00005e26  font_8x12                     
00005215  frexp                         
00005215  frexpl                        
00002c7b  getAltura                     
00002c29  getColumna                    
00003cad  getDisMaxC                    
00003cb9  getDisMaxDr                   
00003cb3  getDisMaxIz                   
00003c65  getDiscoMode                  
00003c6b  getIntermitentes              
00002bd7  getLinea                      
00002bd1  getOrientacion                
00002cd7  getScreenHeight               
00002cc1  getScreenWidth                
00003c5f  getvelocidad                  
20000451  haTrobatPared                 
00003191  halLcdClearLine               
0000302f  halLcdClearScreen             
00003053  halLcdClearScreenBkg          
00003305  halLcdDrawCircle              
0000340d  halLcdDrawImageLut            
00003259  halLcdDrawLine                
00003207  halLcdDrawPixel               
000032ad  halLcdDrawRect                
000033b1  halLcdFillCircle              
00003355  halLcdFillRect                
00003023  halLcdInit                    
00003073  halLcdPrintLine               
000030f3  halLcdPrintLineCol            
000003f5  imprimirMenu                  
00002e4d  initLCD                       
0000014d  init_LCD                      
00000159  init_UART                     
000001f5  init_botons                   
000000e5  init_interrupciones           
00004439  init_spi_lcd_tactil           
0000371f  init_timers                   
000050c5  init_ucs_16MHz                
000050fd  init_ucs_24MHz                
00003dab  init_variables                
20000452  intermitentes                 
00000000  interruptVectors              
00004a8d  ldexp                         
00004a8d  ldexpl                        
2000047e  linea                         
00004c99  llegirSensors                 
000052cf  ltoa                          
00000e09  main                          
0000552f  memccpy                       
00004e0b  memcpy                        
00005051  memset                        
20000482  menu                          
00000ba5  menuCreditos                  
000007e3  menuModo                      
000006b9  menuPared                     
000009f1  menuSensores                  
00003d5b  modoDisco                     
0000487d  moureDreta                    
00004835  moureEsq                      
000048c5  moureRoda                     
00004949  moure_dreta                   
000048e3  moure_endavant                
000048fb  moure_enrere                  
0000493b  moure_esq                     
20000484  mov                           
00004cbf  musica                        
20000430  param                         
00004927  parar_robot                   
00003de9  run                           
20000464  saludo                        
00004a8d  scalbn                        
00004a8d  scalbnl                       
00003b4d  seguirPared                   
00000327  seleccionaMenu                
20000483  selectedSubMenus              
20000481  sentido                       
00002ced  setArea                       
00001153  setBackgroundColor            
00001135  setColor                      
00003cbf  setDisMaxC                    
00003d27  setDisMaxDr                   
00003cf3  setDisMaxIz                   
00003c85  setDiscoMode                  
00003c99  setIntermitentes              
00002f93  setOrientation                
00003b39  setPared                      
00003c71  setvelocidad                  
0000544d  sprintf                       
0000557d  strchr                        
00005593  strlen                        
20000446  time_g                        
20000485  vel                           
20000440  velocidad                     
20000453  velocidad2                    
000055a7  wcslen                        
00004537  writeCommand                  
00004511  writeData                     


GLOBAL SYMBOLS: SORTED BY Symbol Address 

address   name                          
-------   ----                          
00000000  __TI_static_base__            
00000000  interruptVectors              
000000e5  init_interrupciones           
0000014d  init_LCD                      
00000159  init_UART                     
000001cb  borrar                        
000001df  escribir                      
000001f5  init_botons                   
00000200  __STACK_SIZE                  
00000327  seleccionaMenu                
000003f5  imprimirMenu                  
000006b9  menuPared                     
000007e3  menuModo                      
000009f1  menuSensores                  
00000ba5  menuCreditos                  
00000c51  accionesMenu                  
00000e09  main                          
00000fe3  PORT3_IRQHandler              
00000fe3  PORT3_IRQHandler              
0000101f  PORT4_IRQHandler              
0000101f  PORT4_IRQHandler              
00001073  PORT5_IRQHandler              
00001073  PORT5_IRQHandler              
00001135  setColor                      
00001153  setBackgroundColor            
00001171  clearScreen                   
000011ff  clearScreenBkg                
00001287  drawPixel                     
000012b7  drawString                    
000013f1  drawCharSm                    
00001497  drawCharSmBkg                 
00001571  drawCharLg                    
00001619  drawCharLgBkg                 
000016fd  drawCharMd                    
000017ab  drawCharMdBkg                 
0000190d  drawImage                     
00001925  drawImageLut                  
00001a33  drawImageMono                 
00001a51  drawLogicLine                 
00001b91  drawLine                      
00001d87  drawRect                      
00001deb  drawCircle                    
00001f6b  fillRect                      
00002009  fillCircle                    
00002181  __TI_printfi                  
00002bcf  __aeabi_idiv0                 
00002bcf  __aeabi_ldiv0                 
00002bd1  getOrientacion                
00002bd7  getLinea                      
00002c29  getColumna                    
00002c7b  getAltura                     
00002cc1  getScreenWidth                
00002cd7  getScreenHeight               
00002ced  setArea                       
00002e4d  initLCD                       
00002f93  setOrientation                
00003001  cambiar_orientacion           
00003023  halLcdInit                    
0000302f  halLcdClearScreen             
00003053  halLcdClearScreenBkg          
00003073  halLcdPrintLine               
000030f3  halLcdPrintLineCol            
00003191  halLcdClearLine               
00003207  halLcdDrawPixel               
00003259  halLcdDrawLine                
000032ad  halLcdDrawRect                
00003305  halLcdDrawCircle              
00003355  halLcdFillRect                
000033b1  halLcdFillCircle              
0000340d  halLcdDrawImageLut            
00003479  TxPacket                      
0000359f  RxPacket                      
000036f3  EUSCIA2_IRQHandler            
000036f3  EUSCIA2_IRQHandler            
00003717  Reset_Timeout                 
0000371f  init_timers                   
00003739  Sentit_Dades_Tx               
00003745  Sentit_Dades_Rx               
00003751  TxUAC2                        
0000376d  Activa_Interrupcion_TimerA1   
00003795  TimeOut                       
000037b3  TA0_0_IRQHandler              
000037b3  TA0_0_IRQHandler              
00003805  SystemCoreClockUpdate         
00003a7d  SystemInit                    
00003b39  setPared                      
00003b4d  seguirPared                   
00003c5f  getvelocidad                  
00003c65  getDiscoMode                  
00003c6b  getIntermitentes              
00003c71  setvelocidad                  
00003c85  setDiscoMode                  
00003c99  setIntermitentes              
00003cad  getDisMaxC                    
00003cb3  getDisMaxIz                   
00003cb9  getDisMaxDr                   
00003cbf  setDisMaxC                    
00003cf3  setDisMaxIz                   
00003d27  setDisMaxDr                   
00003d5b  modoDisco                     
00003d7d  config_P7_LEDS                
00003d89  ApagarRGB_Launchpad           
00003d9f  apagarLeds                    
00003dab  init_variables                
00003de9  run                           
00004281  __aeabi_dsub                  
0000428b  __aeabi_dadd                  
00004439  init_spi_lcd_tactil           
00004511  writeData                     
00004537  writeCommand                  
0000455d  delay                         
000046fd  __aeabi_ddiv                  
00004835  moureEsq                      
0000487d  moureDreta                    
000048c5  moureRoda                     
000048e3  moure_endavant                
000048fb  moure_enrere                  
00004913  augm_velocitat                
0000491d  dism_velocitat                
00004927  parar_robot                   
0000493b  moure_esq                     
00004949  moure_dreta                   
00004a8d  ldexp                         
00004a8d  ldexpl                        
00004a8d  scalbn                        
00004a8d  scalbnl                       
00004b9d  __aeabi_dmul                  
00004c99  llegirSensors                 
00004cbf  musica                        
00004e0b  __aeabi_memcpy                
00004e0b  __aeabi_memcpy4               
00004e0b  __aeabi_memcpy8               
00004e0b  memcpy                        
00004ea7  __aeabi_uldivmod              
00004f3d  __aeabi_cdcmpeq               
00004f3d  __aeabi_cdcmple               
00004fc3  __aeabi_cdrcmple              
00005049  __aeabi_memclr                
00005049  __aeabi_memclr4               
00005049  __aeabi_memclr8               
0000504b  __aeabi_memset                
0000504b  __aeabi_memset4               
0000504b  __aeabi_memset8               
00005051  memset                        
000050c5  init_ucs_16MHz                
000050fd  init_ucs_24MHz                
000051ab  __TI_decompress_lzss          
00005215  frexp                         
00005215  frexpl                        
000052cf  ltoa                          
00005375  atoi                          
000053c1  __aeabi_d2iz                  
00005409  __TI_auto_init_nobinit_nopinit
0000544d  sprintf                       
000054cd  _c_int00_noargs               
00005501  __aeabi_i2d                   
0000552f  memccpy                       
0000554b  copysign                      
0000554b  copysignl                     
0000557d  strchr                        
00005593  strlen                        
000055a7  wcslen                        
000055b9  __TI_decompress_none          
000055c7  Reset_Handler                 
000055d3  ADC14_IRQHandler              
000055d3  AES256_IRQHandler             
000055d3  BusFault_Handler              
000055d3  COMP_E0_IRQHandler            
000055d3  COMP_E1_IRQHandler            
000055d3  CS_IRQHandler                 
000055d3  DMA_ERR_IRQHandler            
000055d3  DMA_INT0_IRQHandler           
000055d3  DMA_INT1_IRQHandler           
000055d3  DMA_INT2_IRQHandler           
000055d3  DMA_INT3_IRQHandler           
000055d3  DebugMon_Handler              
000055d3  Default_Handler               
000055d3  EUSCIA0_IRQHandler            
000055d3  EUSCIA1_IRQHandler            
000055d3  EUSCIA3_IRQHandler            
000055d3  EUSCIB0_IRQHandler            
000055d3  EUSCIB1_IRQHandler            
000055d3  EUSCIB2_IRQHandler            
000055d3  EUSCIB3_IRQHandler            
000055d3  FLCTL_IRQHandler              
000055d3  FPU_IRQHandler                
000055d3  HardFault_Handler             
000055d3  MemManage_Handler             
000055d3  NMI_Handler                   
000055d3  PCM_IRQHandler                
000055d3  PORT1_IRQHandler              
000055d3  PORT2_IRQHandler              
000055d3  PORT6_IRQHandler              
000055d3  PSS_IRQHandler                
000055d3  PendSV_Handler                
000055d3  RTC_C_IRQHandler              
000055d3  SVC_Handler                   
000055d3  SysTick_Handler               
000055d3  T32_INT1_IRQHandler           
000055d3  T32_INT2_IRQHandler           
000055d3  T32_INTC_IRQHandler           
000055d3  TA0_N_IRQHandler              
000055d3  TA1_0_IRQHandler              
000055d3  TA1_N_IRQHandler              
000055d3  TA2_0_IRQHandler              
000055d3  TA2_N_IRQHandler              
000055d3  TA3_0_IRQHandler              
000055d3  TA3_N_IRQHandler              
000055d3  UsageFault_Handler            
000055d3  WDT_A_IRQHandler              
000055d5  __TI_zero_init                
000055ed  __aeabi_errno_addr            
000055f5  _system_pre_init              
000055f9  C$$EXIT                       
000055f9  abort                         
000055fc  font_11x16                    
00005e26  font_8x12                     
0000629a  font_5x7                      
0000647a  _ctypes_                      
0000662c  __TI_Handler_Table_Base       
00006638  __TI_Handler_Table_Limit      
00006640  __TI_CINIT_Base               
00006650  __TI_CINIT_Limit              
20000400  cadena1                       
20000420  cadena                        
20000430  param                         
20000440  velocidad                     
20000444  DatoLeido_UART                
20000446  time_g                        
20000448  Byte_Recibido                 
20000449  disMaxC                       
2000044a  disMaxDr                      
2000044b  disMaxIz                      
2000044c  disMinC                       
2000044d  disMinDr                      
2000044e  disMinIz                      
2000044f  discoMode                     
20000450  estado_pared                  
20000451  haTrobatPared                 
20000452  intermitentes                 
20000453  velocidad2                    
20000454  borrado                       
20000464  saludo                        
20000474  _orientation                  
20000475  Fuente                        
20000476  Color_Fondo                   
20000478  Color_Texto                   
2000047a  Color_Fondo_Inv               
2000047c  Color_Texto_Inv               
2000047e  linea                         
2000047f  estado                        
20000480  estado_anterior               
20000481  sentido                       
20000482  menu                          
20000483  selectedSubMenus              
20000484  mov                           
20000485  vel                           
20000486  colorLowByte                  
20000487  colorHighByte                 
20000488  bgColorLowByte                
20000489  bgColorHighByte               
2000048c  errno                         
20000490  SystemCoreClock               
2000fe00  __stack                       
20010000  __STACK_END                   
4000480c  WDTCTL_SYM                    
ffffffff  __TI_pprof_out_hndl           
ffffffff  __TI_prof_data_size           
ffffffff  __TI_prof_data_start          
ffffffff  __binit__                     
ffffffff  __c_args__                    
ffffffff  binit                         
UNDEFED   __mpu_init                    
UNDEFED   _system_post_cinit            

[274 symbols]
