<?xml version="1.0" encoding="ISO-8859-1" ?>
<link_info>
   <banner>TI ARM Linker PC v18.12.1.LTS</banner>
   <copyright>Copyright (c) 1996-2018 Texas Instruments Incorporated</copyright>
   <link_time>0x5cec582c</link_time>
   <link_errors>0x0</link_errors>
   <output_file>PAE llibreries.out</output_file>
   <entry_point>
      <name>_c_int00_noargs</name>
      <address>0x54cd</address>
   </entry_point>
   <input_file_list>
      <input_file id="fl-2">
         <path>.\</path>
         <kind>object</kind>
         <file>Practica_04 PAE_Alumnes.obj</file>
         <name>Practica_04 PAE_Alumnes.obj</name>
      </input_file>
      <input_file id="fl-3">
         <path>.\</path>
         <kind>object</kind>
         <file>comunicacio.obj</file>
         <name>comunicacio.obj</name>
      </input_file>
      <input_file id="fl-4">
         <path>.\</path>
         <kind>object</kind>
         <file>instruccions_a_sensor.obj</file>
         <name>instruccions_a_sensor.obj</name>
      </input_file>
      <input_file id="fl-5">
         <path>.\</path>
         <kind>object</kind>
         <file>insturccions_a_robot.obj</file>
         <name>insturccions_a_robot.obj</name>
      </input_file>
      <input_file id="fl-6">
         <path>.\</path>
         <kind>object</kind>
         <file>moure_robot.obj</file>
         <name>moure_robot.obj</name>
      </input_file>
      <input_file id="fl-7">
         <path>.\</path>
         <kind>object</kind>
         <file>startup_msp432p401r_ccs.obj</file>
         <name>startup_msp432p401r_ccs.obj</name>
      </input_file>
      <input_file id="fl-8">
         <path>.\</path>
         <kind>object</kind>
         <file>system_msp432p401r.obj</file>
         <name>system_msp432p401r.obj</name>
      </input_file>
      <input_file id="fl-d">
         <kind>object</kind>
         <file>&lt;internal&gt;</file>
         <name>&lt;internal&gt;</name>
      </input_file>
      <input_file id="fl-e">
         <path>..\</path>
         <kind>archive</kind>
         <file>lib_PAE2.lib</file>
         <name>Inicializacion.obj</name>
      </input_file>
      <input_file id="fl-f">
         <path>..\</path>
         <kind>archive</kind>
         <file>lib_PAE2.lib</file>
         <name>lcd.obj</name>
      </input_file>
      <input_file id="fl-10">
         <path>..\</path>
         <kind>archive</kind>
         <file>lib_PAE2.lib</file>
         <name>msp_LCD.obj</name>
      </input_file>
      <input_file id="fl-11">
         <path>..\</path>
         <kind>archive</kind>
         <file>lib_PAE2.lib</file>
         <name>graphics.obj</name>
      </input_file>
      <input_file id="fl-c7">
         <path>C:\ti\ccs901\ccs\tools\compiler\ti-cgt-arm_18.12.1.LTS\lib\</path>
         <kind>archive</kind>
         <file>rtsv7M4_T_le_v4SPD16_eabi.lib</file>
         <name>sprintf.c.obj</name>
      </input_file>
      <input_file id="fl-c8">
         <path>C:\ti\ccs901\ccs\tools\compiler\ti-cgt-arm_18.12.1.LTS\lib\</path>
         <kind>archive</kind>
         <file>rtsv7M4_T_le_v4SPD16_eabi.lib</file>
         <name>memcpy_t2.asm.obj</name>
      </input_file>
      <input_file id="fl-c9">
         <path>C:\ti\ccs901\ccs\tools\compiler\ti-cgt-arm_18.12.1.LTS\lib\</path>
         <kind>archive</kind>
         <file>rtsv7M4_T_le_v4SPD16_eabi.lib</file>
         <name>copy_zero_init.c.obj</name>
      </input_file>
      <input_file id="fl-ca">
         <path>C:\ti\ccs901\ccs\tools\compiler\ti-cgt-arm_18.12.1.LTS\lib\</path>
         <kind>archive</kind>
         <file>rtsv7M4_T_le_v4SPD16_eabi.lib</file>
         <name>copy_decompress_none.c.obj</name>
      </input_file>
      <input_file id="fl-cb">
         <path>C:\ti\ccs901\ccs\tools\compiler\ti-cgt-arm_18.12.1.LTS\lib\</path>
         <kind>archive</kind>
         <file>rtsv7M4_T_le_v4SPD16_eabi.lib</file>
         <name>copy_decompress_lzss.c.obj</name>
      </input_file>
      <input_file id="fl-cc">
         <path>C:\ti\ccs901\ccs\tools\compiler\ti-cgt-arm_18.12.1.LTS\lib\</path>
         <kind>archive</kind>
         <file>rtsv7M4_T_le_v4SPD16_eabi.lib</file>
         <name>boot_cortex_m.c.obj</name>
      </input_file>
      <input_file id="fl-cd">
         <path>C:\ti\ccs901\ccs\tools\compiler\ti-cgt-arm_18.12.1.LTS\lib\</path>
         <kind>archive</kind>
         <file>rtsv7M4_T_le_v4SPD16_eabi.lib</file>
         <name>_printfi.c.obj</name>
      </input_file>
      <input_file id="fl-ce">
         <path>C:\ti\ccs901\ccs\tools\compiler\ti-cgt-arm_18.12.1.LTS\lib\</path>
         <kind>archive</kind>
         <file>rtsv7M4_T_le_v4SPD16_eabi.lib</file>
         <name>s_frexp.c.obj</name>
      </input_file>
      <input_file id="fl-cf">
         <path>C:\ti\ccs901\ccs\tools\compiler\ti-cgt-arm_18.12.1.LTS\lib\</path>
         <kind>archive</kind>
         <file>rtsv7M4_T_le_v4SPD16_eabi.lib</file>
         <name>s_scalbn.c.obj</name>
      </input_file>
      <input_file id="fl-d0">
         <path>C:\ti\ccs901\ccs\tools\compiler\ti-cgt-arm_18.12.1.LTS\lib\</path>
         <kind>archive</kind>
         <file>rtsv7M4_T_le_v4SPD16_eabi.lib</file>
         <name>s_copysign.c.obj</name>
      </input_file>
      <input_file id="fl-d1">
         <path>C:\ti\ccs901\ccs\tools\compiler\ti-cgt-arm_18.12.1.LTS\lib\</path>
         <kind>archive</kind>
         <file>rtsv7M4_T_le_v4SPD16_eabi.lib</file>
         <name>ull_div_t2.asm.obj</name>
      </input_file>
      <input_file id="fl-d2">
         <path>C:\ti\ccs901\ccs\tools\compiler\ti-cgt-arm_18.12.1.LTS\lib\</path>
         <kind>archive</kind>
         <file>rtsv7M4_T_le_v4SPD16_eabi.lib</file>
         <name>fd_add_t2.asm.obj</name>
      </input_file>
      <input_file id="fl-d3">
         <path>C:\ti\ccs901\ccs\tools\compiler\ti-cgt-arm_18.12.1.LTS\lib\</path>
         <kind>archive</kind>
         <file>rtsv7M4_T_le_v4SPD16_eabi.lib</file>
         <name>fd_cmp_t2.asm.obj</name>
      </input_file>
      <input_file id="fl-d4">
         <path>C:\ti\ccs901\ccs\tools\compiler\ti-cgt-arm_18.12.1.LTS\lib\</path>
         <kind>archive</kind>
         <file>rtsv7M4_T_le_v4SPD16_eabi.lib</file>
         <name>fd_div_t2.asm.obj</name>
      </input_file>
      <input_file id="fl-d5">
         <path>C:\ti\ccs901\ccs\tools\compiler\ti-cgt-arm_18.12.1.LTS\lib\</path>
         <kind>archive</kind>
         <file>rtsv7M4_T_le_v4SPD16_eabi.lib</file>
         <name>fd_mul_t2.asm.obj</name>
      </input_file>
      <input_file id="fl-d6">
         <path>C:\ti\ccs901\ccs\tools\compiler\ti-cgt-arm_18.12.1.LTS\lib\</path>
         <kind>archive</kind>
         <file>rtsv7M4_T_le_v4SPD16_eabi.lib</file>
         <name>fd_toi_t2.asm.obj</name>
      </input_file>
      <input_file id="fl-d7">
         <path>C:\ti\ccs901\ccs\tools\compiler\ti-cgt-arm_18.12.1.LTS\lib\</path>
         <kind>archive</kind>
         <file>rtsv7M4_T_le_v4SPD16_eabi.lib</file>
         <name>i_tofd_t2.asm.obj</name>
      </input_file>
      <input_file id="fl-d8">
         <path>C:\ti\ccs901\ccs\tools\compiler\ti-cgt-arm_18.12.1.LTS\lib\</path>
         <kind>archive</kind>
         <file>rtsv7M4_T_le_v4SPD16_eabi.lib</file>
         <name>memset_t2.asm.obj</name>
      </input_file>
      <input_file id="fl-d9">
         <path>C:\ti\ccs901\ccs\tools\compiler\ti-cgt-arm_18.12.1.LTS\lib\</path>
         <kind>archive</kind>
         <file>rtsv7M4_T_le_v4SPD16_eabi.lib</file>
         <name>autoinit.c.obj</name>
      </input_file>
      <input_file id="fl-da">
         <path>C:\ti\ccs901\ccs\tools\compiler\ti-cgt-arm_18.12.1.LTS\lib\</path>
         <kind>archive</kind>
         <file>rtsv7M4_T_le_v4SPD16_eabi.lib</file>
         <name>pre_init.c.obj</name>
      </input_file>
      <input_file id="fl-db">
         <path>C:\ti\ccs901\ccs\tools\compiler\ti-cgt-arm_18.12.1.LTS\lib\</path>
         <kind>archive</kind>
         <file>rtsv7M4_T_le_v4SPD16_eabi.lib</file>
         <name>cpy_tbl.c.obj</name>
      </input_file>
      <input_file id="fl-dc">
         <path>C:\ti\ccs901\ccs\tools\compiler\ti-cgt-arm_18.12.1.LTS\lib\</path>
         <kind>archive</kind>
         <file>rtsv7M4_T_le_v4SPD16_eabi.lib</file>
         <name>exit.c.obj</name>
      </input_file>
      <input_file id="fl-dd">
         <path>C:\ti\ccs901\ccs\tools\compiler\ti-cgt-arm_18.12.1.LTS\lib\</path>
         <kind>archive</kind>
         <file>rtsv7M4_T_le_v4SPD16_eabi.lib</file>
         <name>_lock.c.obj</name>
      </input_file>
      <input_file id="fl-de">
         <path>C:\ti\ccs901\ccs\tools\compiler\ti-cgt-arm_18.12.1.LTS\lib\</path>
         <kind>archive</kind>
         <file>rtsv7M4_T_le_v4SPD16_eabi.lib</file>
         <name>args_main.c.obj</name>
      </input_file>
      <input_file id="fl-df">
         <path>C:\ti\ccs901\ccs\tools\compiler\ti-cgt-arm_18.12.1.LTS\lib\</path>
         <kind>archive</kind>
         <file>rtsv7M4_T_le_v4SPD16_eabi.lib</file>
         <name>atoi.c.obj</name>
      </input_file>
      <input_file id="fl-e0">
         <path>C:\ti\ccs901\ccs\tools\compiler\ti-cgt-arm_18.12.1.LTS\lib\</path>
         <kind>archive</kind>
         <file>rtsv7M4_T_le_v4SPD16_eabi.lib</file>
         <name>ctype.c.obj</name>
      </input_file>
      <input_file id="fl-e1">
         <path>C:\ti\ccs901\ccs\tools\compiler\ti-cgt-arm_18.12.1.LTS\lib\</path>
         <kind>archive</kind>
         <file>rtsv7M4_T_le_v4SPD16_eabi.lib</file>
         <name>ltoa.c.obj</name>
      </input_file>
      <input_file id="fl-e2">
         <path>C:\ti\ccs901\ccs\tools\compiler\ti-cgt-arm_18.12.1.LTS\lib\</path>
         <kind>archive</kind>
         <file>rtsv7M4_T_le_v4SPD16_eabi.lib</file>
         <name>memccpy.c.obj</name>
      </input_file>
      <input_file id="fl-e3">
         <path>C:\ti\ccs901\ccs\tools\compiler\ti-cgt-arm_18.12.1.LTS\lib\</path>
         <kind>archive</kind>
         <file>rtsv7M4_T_le_v4SPD16_eabi.lib</file>
         <name>strchr.c.obj</name>
      </input_file>
      <input_file id="fl-e4">
         <path>C:\ti\ccs901\ccs\tools\compiler\ti-cgt-arm_18.12.1.LTS\lib\</path>
         <kind>archive</kind>
         <file>rtsv7M4_T_le_v4SPD16_eabi.lib</file>
         <name>strlen.c.obj</name>
      </input_file>
      <input_file id="fl-e5">
         <path>C:\ti\ccs901\ccs\tools\compiler\ti-cgt-arm_18.12.1.LTS\lib\</path>
         <kind>archive</kind>
         <file>rtsv7M4_T_le_v4SPD16_eabi.lib</file>
         <name>errno.c.obj</name>
      </input_file>
      <input_file id="fl-e6">
         <path>C:\ti\ccs901\ccs\tools\compiler\ti-cgt-arm_18.12.1.LTS\lib\</path>
         <kind>archive</kind>
         <file>rtsv7M4_T_le_v4SPD16_eabi.lib</file>
         <name>wcslen.c.obj</name>
      </input_file>
      <input_file id="fl-e7">
         <path>C:\ti\ccs901\ccs\tools\compiler\ti-cgt-arm_18.12.1.LTS\lib\</path>
         <kind>archive</kind>
         <file>rtsv7M4_T_le_v4SPD16_eabi.lib</file>
         <name>div0.asm.obj</name>
      </input_file>
   </input_file_list>
   <object_component_list>
      <object_component id="oc-23">
         <name>.intvecs:retain</name>
         <load_address>0x0</load_address>
         <run_address>0x0</run_address>
         <size>0xe4</size>
         <input_file_ref idref="fl-7"/>
      </object_component>
      <object_component id="oc-70">
         <name>.text</name>
         <load_address>0xe4</load_address>
         <run_address>0xe4</run_address>
         <size>0x1050</size>
         <input_file_ref idref="fl-2"/>
      </object_component>
      <object_component id="oc-162">
         <name>.text</name>
         <load_address>0x1134</load_address>
         <run_address>0x1134</run_address>
         <size>0x104c</size>
         <input_file_ref idref="fl-11"/>
      </object_component>
      <object_component id="oc-19e">
         <name>.text:__TI_printfi</name>
         <load_address>0x2180</load_address>
         <run_address>0x2180</run_address>
         <size>0xa4e</size>
         <input_file_ref idref="fl-cd"/>
      </object_component>
      <object_component id="oc-334">
         <name>.text</name>
         <load_address>0x2bce</load_address>
         <run_address>0x2bce</run_address>
         <size>0x2</size>
         <input_file_ref idref="fl-e7"/>
      </object_component>
      <object_component id="oc-af">
         <name>.text</name>
         <load_address>0x2bd0</load_address>
         <run_address>0x2bd0</run_address>
         <size>0x8a8</size>
         <input_file_ref idref="fl-f"/>
      </object_component>
      <object_component id="oc-6a">
         <name>.text</name>
         <load_address>0x3478</load_address>
         <run_address>0x3478</run_address>
         <size>0x38c</size>
         <input_file_ref idref="fl-3"/>
      </object_component>
      <object_component id="oc-a8">
         <name>.text</name>
         <load_address>0x3804</load_address>
         <run_address>0x3804</run_address>
         <size>0x334</size>
         <input_file_ref idref="fl-8"/>
      </object_component>
      <object_component id="oc-e2">
         <name>.text</name>
         <load_address>0x3b38</load_address>
         <run_address>0x3b38</run_address>
         <size>0x308</size>
         <input_file_ref idref="fl-6"/>
      </object_component>
      <object_component id="oc-23e">
         <name>.text:_pconv_a</name>
         <load_address>0x3e40</load_address>
         <run_address>0x3e40</run_address>
         <size>0x270</size>
         <input_file_ref idref="fl-cd"/>
      </object_component>
      <object_component id="oc-22c">
         <name>.text:_pconv_g</name>
         <load_address>0x40b0</load_address>
         <run_address>0x40b0</run_address>
         <size>0x1d0</size>
         <input_file_ref idref="fl-cd"/>
      </object_component>
      <object_component id="oc-2c5">
         <name>.text</name>
         <load_address>0x4280</load_address>
         <run_address>0x4280</run_address>
         <size>0x1b6</size>
         <input_file_ref idref="fl-d2"/>
      </object_component>
      <object_component id="oc-159">
         <name>.text</name>
         <load_address>0x4438</load_address>
         <run_address>0x4438</run_address>
         <size>0x188</size>
         <input_file_ref idref="fl-10"/>
      </object_component>
      <object_component id="oc-238">
         <name>.text:_pconv_e</name>
         <load_address>0x45c0</load_address>
         <run_address>0x45c0</run_address>
         <size>0x13c</size>
         <input_file_ref idref="fl-cd"/>
      </object_component>
      <object_component id="oc-2ab">
         <name>.text</name>
         <load_address>0x46fc</load_address>
         <run_address>0x46fc</run_address>
         <size>0x136</size>
         <input_file_ref idref="fl-d4"/>
      </object_component>
      <object_component id="oc-f4">
         <name>.text</name>
         <load_address>0x4834</load_address>
         <run_address>0x4834</run_address>
         <size>0x134</size>
         <input_file_ref idref="fl-5"/>
      </object_component>
      <object_component id="oc-2d7">
         <name>.text:fcvt</name>
         <load_address>0x4968</load_address>
         <run_address>0x4968</run_address>
         <size>0x124</size>
         <input_file_ref idref="fl-cd"/>
      </object_component>
      <object_component id="oc-2eb">
         <name>.text:scalbn</name>
         <load_address>0x4a8c</load_address>
         <run_address>0x4a8c</run_address>
         <size>0x110</size>
         <input_file_ref idref="fl-cf"/>
      </object_component>
      <object_component id="oc-2a6">
         <name>.text</name>
         <load_address>0x4b9c</load_address>
         <run_address>0x4b9c</run_address>
         <size>0xfc</size>
         <input_file_ref idref="fl-d5"/>
      </object_component>
      <object_component id="oc-e8">
         <name>.text</name>
         <load_address>0x4c98</load_address>
         <run_address>0x4c98</run_address>
         <size>0xc0</size>
         <input_file_ref idref="fl-4"/>
      </object_component>
      <object_component id="oc-221">
         <name>.text:_ltostr</name>
         <load_address>0x4d58</load_address>
         <run_address>0x4d58</run_address>
         <size>0xb1</size>
         <input_file_ref idref="fl-cd"/>
      </object_component>
      <object_component id="oc-34">
         <name>.text</name>
         <load_address>0x4e0a</load_address>
         <run_address>0x4e0a</run_address>
         <size>0x9c</size>
         <input_file_ref idref="fl-c8"/>
      </object_component>
      <object_component id="oc-29f">
         <name>.text</name>
         <load_address>0x4ea6</load_address>
         <run_address>0x4ea6</run_address>
         <size>0x96</size>
         <input_file_ref idref="fl-d1"/>
      </object_component>
      <object_component id="oc-227">
         <name>.text:__aeabi_cdcmple</name>
         <load_address>0x4f3c</load_address>
         <run_address>0x4f3c</run_address>
         <size>0x86</size>
         <input_file_ref idref="fl-d3"/>
      </object_component>
      <object_component id="oc-2b0">
         <name>.text:__aeabi_cdrcmple</name>
         <load_address>0x4fc2</load_address>
         <run_address>0x4fc2</run_address>
         <size>0x86</size>
         <input_file_ref idref="fl-d3"/>
      </object_component>
      <object_component id="oc-90">
         <name>.text</name>
         <load_address>0x5048</load_address>
         <run_address>0x5048</run_address>
         <size>0x7a</size>
         <input_file_ref idref="fl-d8"/>
      </object_component>
      <object_component id="oc-ee">
         <name>.text</name>
         <load_address>0x50c4</load_address>
         <run_address>0x50c4</run_address>
         <size>0x78</size>
         <input_file_ref idref="fl-e"/>
      </object_component>
      <object_component id="oc-2d0">
         <name>.text:_mcpy</name>
         <load_address>0x513c</load_address>
         <run_address>0x513c</run_address>
         <size>0x6e</size>
         <input_file_ref idref="fl-cd"/>
      </object_component>
      <object_component id="oc-14">
         <name>.text:decompress:lzss:__TI_decompress_lzss</name>
         <load_address>0x51aa</load_address>
         <run_address>0x51aa</run_address>
         <size>0x68</size>
         <input_file_ref idref="fl-cb"/>
      </object_component>
      <object_component id="oc-2e5">
         <name>.text:frexp</name>
         <load_address>0x5214</load_address>
         <run_address>0x5214</run_address>
         <size>0x64</size>
         <input_file_ref idref="fl-ce"/>
      </object_component>
      <object_component id="oc-232">
         <name>.text:_pconv_f</name>
         <load_address>0x5278</load_address>
         <run_address>0x5278</run_address>
         <size>0x56</size>
         <input_file_ref idref="fl-cd"/>
      </object_component>
      <object_component id="oc-2ba">
         <name>.text:ltoa</name>
         <load_address>0x52ce</load_address>
         <run_address>0x52ce</run_address>
         <size>0x54</size>
         <input_file_ref idref="fl-e1"/>
      </object_component>
      <object_component id="oc-2ca">
         <name>.text:_ecpy</name>
         <load_address>0x5322</load_address>
         <run_address>0x5322</run_address>
         <size>0x52</size>
         <input_file_ref idref="fl-cd"/>
      </object_component>
      <object_component id="oc-21b">
         <name>.text:atoi</name>
         <load_address>0x5374</load_address>
         <run_address>0x5374</run_address>
         <size>0x4c</size>
         <input_file_ref idref="fl-df"/>
      </object_component>
      <object_component id="oc-2b5">
         <name>.text</name>
         <load_address>0x53c0</load_address>
         <run_address>0x53c0</run_address>
         <size>0x48</size>
         <input_file_ref idref="fl-d6"/>
      </object_component>
      <object_component id="oc-123">
         <name>.text:__TI_auto_init_nobinit_nopinit:__TI_auto_init_nobinit_nopinit</name>
         <load_address>0x5408</load_address>
         <run_address>0x5408</run_address>
         <size>0x44</size>
         <input_file_ref idref="fl-d9"/>
      </object_component>
      <object_component id="oc-db">
         <name>.text:sprintf</name>
         <load_address>0x544c</load_address>
         <run_address>0x544c</run_address>
         <size>0x40</size>
         <input_file_ref idref="fl-c7"/>
      </object_component>
      <object_component id="oc-2dd">
         <name>.text:_fcpy</name>
         <load_address>0x548c</load_address>
         <run_address>0x548c</run_address>
         <size>0x3e</size>
         <input_file_ref idref="fl-cd"/>
      </object_component>
      <object_component id="oc-52">
         <name>.text:_c_int00_noargs:_c_int00_noargs</name>
         <load_address>0x54cc</load_address>
         <run_address>0x54cc</run_address>
         <size>0x34</size>
         <input_file_ref idref="fl-cc"/>
      </object_component>
      <object_component id="oc-2c0">
         <name>.text</name>
         <load_address>0x5500</load_address>
         <run_address>0x5500</run_address>
         <size>0x2e</size>
         <input_file_ref idref="fl-d7"/>
      </object_component>
      <object_component id="oc-244">
         <name>.text:memccpy</name>
         <load_address>0x552e</load_address>
         <run_address>0x552e</run_address>
         <size>0x1c</size>
         <input_file_ref idref="fl-e2"/>
      </object_component>
      <object_component id="oc-34d">
         <name>.text:copysign</name>
         <load_address>0x554a</load_address>
         <run_address>0x554a</run_address>
         <size>0x1a</size>
         <input_file_ref idref="fl-d0"/>
      </object_component>
      <object_component id="oc-1a4">
         <name>.text:_outs</name>
         <load_address>0x5564</load_address>
         <run_address>0x5564</run_address>
         <size>0x18</size>
         <input_file_ref idref="fl-c7"/>
      </object_component>
      <object_component id="oc-2f1">
         <name>.text:strchr</name>
         <load_address>0x557c</load_address>
         <run_address>0x557c</run_address>
         <size>0x16</size>
         <input_file_ref idref="fl-e3"/>
      </object_component>
      <object_component id="oc-215">
         <name>.text:strlen</name>
         <load_address>0x5592</load_address>
         <run_address>0x5592</run_address>
         <size>0x14</size>
         <input_file_ref idref="fl-e4"/>
      </object_component>
      <object_component id="oc-24a">
         <name>.text:wcslen</name>
         <load_address>0x55a6</load_address>
         <run_address>0x55a6</run_address>
         <size>0x12</size>
         <input_file_ref idref="fl-e6"/>
      </object_component>
      <object_component id="oc-1a">
         <name>.text:decompress:none:__TI_decompress_none</name>
         <load_address>0x55b8</load_address>
         <run_address>0x55b8</run_address>
         <size>0xe</size>
         <input_file_ref idref="fl-ca"/>
      </object_component>
      <object_component id="oc-64">
         <name>.text</name>
         <load_address>0x55c6</load_address>
         <run_address>0x55c6</run_address>
         <size>0xe</size>
         <input_file_ref idref="fl-7"/>
      </object_component>
      <object_component id="oc-46">
         <name>.text:decompress:ZI:__TI_zero_init</name>
         <load_address>0x55d4</load_address>
         <run_address>0x55d4</run_address>
         <size>0xc</size>
         <input_file_ref idref="fl-c9"/>
      </object_component>
      <object_component id="oc-1aa">
         <name>.text:_outc</name>
         <load_address>0x55e0</load_address>
         <run_address>0x55e0</run_address>
         <size>0xa</size>
         <input_file_ref idref="fl-c7"/>
      </object_component>
      <object_component id="oc-250">
         <name>.text:__aeabi_errno_addr</name>
         <load_address>0x55ec</load_address>
         <run_address>0x55ec</run_address>
         <size>0x8</size>
         <input_file_ref idref="fl-e5"/>
      </object_component>
      <object_component id="oc-96">
         <name>.text:_system_pre_init</name>
         <load_address>0x55f4</load_address>
         <run_address>0x55f4</run_address>
         <size>0x4</size>
         <input_file_ref idref="fl-da"/>
      </object_component>
      <object_component id="oc-117">
         <name>.text:abort:abort</name>
         <load_address>0x55f8</load_address>
         <run_address>0x55f8</run_address>
         <size>0x4</size>
         <input_file_ref idref="fl-dc"/>
      </object_component>
      <object_component id="oc-1fa">
         <name>.const:font_11x16</name>
         <load_address>0x55fc</load_address>
         <run_address>0x55fc</run_address>
         <size>0x82a</size>
         <input_file_ref idref="fl-11"/>
      </object_component>
      <object_component id="oc-1fd">
         <name>.const:font_8x12</name>
         <load_address>0x5e26</load_address>
         <run_address>0x5e26</run_address>
         <size>0x474</size>
         <input_file_ref idref="fl-11"/>
      </object_component>
      <object_component id="oc-1f7">
         <name>.const:font_5x7</name>
         <load_address>0x629a</load_address>
         <run_address>0x629a</run_address>
         <size>0x1e0</size>
         <input_file_ref idref="fl-11"/>
      </object_component>
      <object_component id="oc-29a">
         <name>.const:.string:_ctypes_</name>
         <load_address>0x647a</load_address>
         <run_address>0x647a</run_address>
         <size>0x101</size>
         <input_file_ref idref="fl-e0"/>
      </object_component>
      <object_component id="oc-1c2">
         <name>.const:.string:$P$T0$1</name>
         <load_address>0x657b</load_address>
         <run_address>0x657b</run_address>
         <size>0x29</size>
         <input_file_ref idref="fl-4"/>
      </object_component>
      <object_component id="oc-1c5">
         <name>.const:.string:$P$T1$2</name>
         <load_address>0x65a4</load_address>
         <run_address>0x65a4</run_address>
         <size>0x29</size>
         <input_file_ref idref="fl-4"/>
      </object_component>
      <object_component id="oc-b5">
         <name>.const:.string:$P$T0$1</name>
         <load_address>0x65cd</load_address>
         <run_address>0x65cd</run_address>
         <size>0x12</size>
         <input_file_ref idref="fl-3"/>
      </object_component>
      <object_component id="oc-168">
         <name>.const:.string:$P$T0$1</name>
         <load_address>0x65df</load_address>
         <run_address>0x65df</run_address>
         <size>0x10</size>
         <input_file_ref idref="fl-f"/>
      </object_component>
      <object_component id="oc-16b">
         <name>.const:.string:$P$T1$2</name>
         <load_address>0x65ef</load_address>
         <run_address>0x65ef</run_address>
         <size>0x10</size>
         <input_file_ref idref="fl-f"/>
      </object_component>
      <object_component id="oc-3a9">
         <name>.cinit..data.load</name>
         <load_address>0x6600</load_address>
         <run_address>0x6600</run_address>
         <size>0x29</size>
      </object_component>
      <object_component id="oc-3a7">
         <name>__TI_handler_table</name>
         <load_address>0x662c</load_address>
         <run_address>0x662c</run_address>
         <size>0xc</size>
      </object_component>
      <object_component id="oc-3aa">
         <name>.cinit..bss.load</name>
         <load_address>0x6638</load_address>
         <run_address>0x6638</run_address>
         <size>0x8</size>
      </object_component>
      <object_component id="oc-3a8">
         <name>__TI_cinit_table</name>
         <load_address>0x6640</load_address>
         <run_address>0x6640</run_address>
         <size>0x10</size>
      </object_component>
      <object_component id="oc-37c">
         <name>.binit</name>
         <load_address>0x0</load_address>
         <run_address>0x0</run_address>
         <size>0x0</size>
      </object_component>
      <object_component id="oc-fa">
         <name>.data:saludo</name>
         <load_address>0x20000464</load_address>
         <run_address>0x20000464</run_address>
         <size>0x10</size>
         <input_file_ref idref="fl-2"/>
      </object_component>
      <object_component id="oc-d5">
         <name>.data:borrado</name>
         <load_address>0x20000454</load_address>
         <run_address>0x20000454</run_address>
         <size>0x10</size>
         <input_file_ref idref="fl-2"/>
      </object_component>
      <object_component id="oc-d8">
         <name>.data</name>
         <load_address>0x2000047e</load_address>
         <run_address>0x2000047e</run_address>
         <size>0x8</size>
         <input_file_ref idref="fl-2"/>
      </object_component>
      <object_component id="oc-155">
         <name>.data</name>
         <load_address>0x20000490</load_address>
         <run_address>0x20000490</run_address>
         <size>0x4</size>
         <input_file_ref idref="fl-8"/>
      </object_component>
      <object_component id="oc-15f">
         <name>.data</name>
         <load_address>0x20000474</load_address>
         <run_address>0x20000474</run_address>
         <size>0xa</size>
         <input_file_ref idref="fl-f"/>
      </object_component>
      <object_component id="oc-1f4">
         <name>.data</name>
         <load_address>0x20000486</load_address>
         <run_address>0x20000486</run_address>
         <size>0x4</size>
         <input_file_ref idref="fl-11"/>
      </object_component>
      <object_component id="oc-301">
         <name>.data</name>
         <load_address>0x2000048c</load_address>
         <run_address>0x2000048c</run_address>
         <size>0x4</size>
         <input_file_ref idref="fl-e5"/>
      </object_component>
      <object_component id="oc-200">
         <name>.bss:g_pulConvertedPalette</name>
         <uninitialized>true</uninitialized>
         <run_address>0x20000000</run_address>
         <size>0x400</size>
         <input_file_ref idref="fl-11"/>
      </object_component>
      <object_component id="oc-c3">
         <name>.common:DatoLeido_UART</name>
         <uninitialized>true</uninitialized>
         <run_address>0x20000444</run_address>
         <size>0x2</size>
      </object_component>
      <object_component id="oc-b8">
         <name>.common:Byte_Recibido</name>
         <uninitialized>true</uninitialized>
         <run_address>0x20000448</run_address>
         <size>0x1</size>
      </object_component>
      <object_component id="oc-1ca">
         <name>.common:param</name>
         <uninitialized>true</uninitialized>
         <run_address>0x20000430</run_address>
         <size>0x10</size>
      </object_component>
      <object_component id="oc-c4">
         <name>.common:time_g</name>
         <uninitialized>true</uninitialized>
         <run_address>0x20000446</run_address>
         <size>0x2</size>
      </object_component>
      <object_component id="oc-1cb">
         <name>.common:velocidad</name>
         <uninitialized>true</uninitialized>
         <run_address>0x20000440</run_address>
         <size>0x4</size>
      </object_component>
      <object_component id="oc-1bd">
         <name>.common:velocidad2</name>
         <uninitialized>true</uninitialized>
         <run_address>0x20000453</run_address>
         <size>0x1</size>
      </object_component>
      <object_component id="oc-1be">
         <name>.common:discoMode</name>
         <uninitialized>true</uninitialized>
         <run_address>0x2000044f</run_address>
         <size>0x1</size>
      </object_component>
      <object_component id="oc-1bf">
         <name>.common:intermitentes</name>
         <uninitialized>true</uninitialized>
         <run_address>0x20000452</run_address>
         <size>0x1</size>
      </object_component>
      <object_component id="oc-1b7">
         <name>.common:haTrobatPared</name>
         <uninitialized>true</uninitialized>
         <run_address>0x20000451</run_address>
         <size>0x1</size>
      </object_component>
      <object_component id="oc-fe">
         <name>.common:estado_pared</name>
         <uninitialized>true</uninitialized>
         <run_address>0x20000450</run_address>
         <size>0x1</size>
      </object_component>
      <object_component id="oc-1ba">
         <name>.common:disMaxC</name>
         <uninitialized>true</uninitialized>
         <run_address>0x20000449</run_address>
         <size>0x1</size>
      </object_component>
      <object_component id="oc-1c0">
         <name>.common:disMaxIz</name>
         <uninitialized>true</uninitialized>
         <run_address>0x2000044b</run_address>
         <size>0x1</size>
      </object_component>
      <object_component id="oc-1bb">
         <name>.common:disMaxDr</name>
         <uninitialized>true</uninitialized>
         <run_address>0x2000044a</run_address>
         <size>0x1</size>
      </object_component>
      <object_component id="oc-1b8">
         <name>.common:disMinC</name>
         <uninitialized>true</uninitialized>
         <run_address>0x2000044c</run_address>
         <size>0x1</size>
      </object_component>
      <object_component id="oc-1b9">
         <name>.common:disMinIz</name>
         <uninitialized>true</uninitialized>
         <run_address>0x2000044e</run_address>
         <size>0x1</size>
      </object_component>
      <object_component id="oc-1bc">
         <name>.common:disMinDr</name>
         <uninitialized>true</uninitialized>
         <run_address>0x2000044d</run_address>
         <size>0x1</size>
      </object_component>
      <object_component id="oc-e1">
         <name>.common:cadena</name>
         <uninitialized>true</uninitialized>
         <run_address>0x20000420</run_address>
         <size>0x10</size>
      </object_component>
      <object_component id="oc-fd">
         <name>.common:cadena1</name>
         <uninitialized>true</uninitialized>
         <run_address>0x20000400</run_address>
         <size>0x20</size>
      </object_component>
      <object_component id="oc-26">
         <name>.stack</name>
         <uninitialized>true</uninitialized>
         <run_address>0x2000fe00</run_address>
         <size>0x4</size>
         <input_file_ref idref="fl-cc"/>
      </object_component>
      <object_component id="oc-3ab">
         <name>.stack</name>
         <uninitialized>true</uninitialized>
         <run_address>0x2000fe00</run_address>
         <size>0x0</size>
      </object_component>
      <object_component id="oc-b9">
         <name>.debug_info</name>
         <load_address>0x0</load_address>
         <run_address>0x0</run_address>
         <size>0xc4a</size>
         <input_file_ref idref="fl-2"/>
      </object_component>
      <object_component id="oc-fb">
         <name>.debug_info</name>
         <load_address>0xc4a</load_address>
         <run_address>0xc4a</run_address>
         <size>0xe1</size>
         <input_file_ref idref="fl-2"/>
      </object_component>
      <object_component id="oc-d6">
         <name>.debug_info</name>
         <load_address>0xd2b</load_address>
         <run_address>0xd2b</run_address>
         <size>0xe3</size>
         <input_file_ref idref="fl-2"/>
      </object_component>
      <object_component id="oc-d9">
         <name>.debug_info</name>
         <load_address>0xe0e</load_address>
         <run_address>0xe0e</run_address>
         <size>0x1c2</size>
         <input_file_ref idref="fl-2"/>
      </object_component>
      <object_component id="oc-72">
         <name>.debug_info</name>
         <load_address>0xfd0</load_address>
         <run_address>0xfd0</run_address>
         <size>0x182d</size>
         <input_file_ref idref="fl-2"/>
      </object_component>
      <object_component id="oc-c6">
         <name>.debug_info</name>
         <load_address>0x27fd</load_address>
         <run_address>0x27fd</run_address>
         <size>0xb9</size>
         <input_file_ref idref="fl-2"/>
      </object_component>
      <object_component id="oc-17e">
         <name>.debug_info</name>
         <load_address>0x28b6</load_address>
         <run_address>0x28b6</run_address>
         <size>0x1055</size>
         <input_file_ref idref="fl-2"/>
      </object_component>
      <object_component id="oc-102">
         <name>.debug_info</name>
         <load_address>0x390b</load_address>
         <run_address>0x390b</run_address>
         <size>0x26b</size>
         <input_file_ref idref="fl-2"/>
      </object_component>
      <object_component id="oc-179">
         <name>.debug_info</name>
         <load_address>0x3b76</load_address>
         <run_address>0x3b76</run_address>
         <size>0x37e2</size>
         <input_file_ref idref="fl-2"/>
      </object_component>
      <object_component id="oc-cb">
         <name>.debug_info</name>
         <load_address>0x7358</load_address>
         <run_address>0x7358</run_address>
         <size>0x8b</size>
         <input_file_ref idref="fl-2"/>
      </object_component>
      <object_component id="oc-195">
         <name>.debug_info</name>
         <load_address>0x73e3</load_address>
         <run_address>0x73e3</run_address>
         <size>0x297</size>
         <input_file_ref idref="fl-2"/>
      </object_component>
      <object_component id="oc-d0">
         <name>.debug_info</name>
         <load_address>0x767a</load_address>
         <run_address>0x767a</run_address>
         <size>0xbb</size>
         <input_file_ref idref="fl-2"/>
      </object_component>
      <object_component id="oc-1b2">
         <name>.debug_info</name>
         <load_address>0x7735</load_address>
         <run_address>0x7735</run_address>
         <size>0x2c</size>
         <input_file_ref idref="fl-2"/>
      </object_component>
      <object_component id="oc-bb">
         <name>.debug_info</name>
         <load_address>0x7761</load_address>
         <run_address>0x7761</run_address>
         <size>0x66d</size>
         <input_file_ref idref="fl-3"/>
      </object_component>
      <object_component id="oc-b6">
         <name>.debug_info</name>
         <load_address>0x7dce</load_address>
         <run_address>0x7dce</run_address>
         <size>0xd6</size>
         <input_file_ref idref="fl-3"/>
      </object_component>
      <object_component id="oc-6b">
         <name>.debug_info</name>
         <load_address>0x7ea4</load_address>
         <run_address>0x7ea4</run_address>
         <size>0x85c</size>
         <input_file_ref idref="fl-3"/>
      </object_component>
      <object_component id="oc-185">
         <name>.debug_info</name>
         <load_address>0x8700</load_address>
         <run_address>0x8700</run_address>
         <size>0x37e2</size>
         <input_file_ref idref="fl-3"/>
      </object_component>
      <object_component id="oc-bd">
         <name>.debug_info</name>
         <load_address>0xbee2</load_address>
         <run_address>0xbee2</run_address>
         <size>0x6aa</size>
         <input_file_ref idref="fl-4"/>
      </object_component>
      <object_component id="oc-1c3">
         <name>.debug_info</name>
         <load_address>0xc58c</load_address>
         <run_address>0xc58c</run_address>
         <size>0xe0</size>
         <input_file_ref idref="fl-4"/>
      </object_component>
      <object_component id="oc-1c6">
         <name>.debug_info</name>
         <load_address>0xc66c</load_address>
         <run_address>0xc66c</run_address>
         <size>0xe0</size>
         <input_file_ref idref="fl-4"/>
      </object_component>
      <object_component id="oc-e9">
         <name>.debug_info</name>
         <load_address>0xc74c</load_address>
         <run_address>0xc74c</run_address>
         <size>0x2a3</size>
         <input_file_ref idref="fl-4"/>
      </object_component>
      <object_component id="oc-18c">
         <name>.debug_info</name>
         <load_address>0xc9ef</load_address>
         <run_address>0xc9ef</run_address>
         <size>0x37e2</size>
         <input_file_ref idref="fl-4"/>
      </object_component>
      <object_component id="oc-bf">
         <name>.debug_info</name>
         <load_address>0x101d1</load_address>
         <run_address>0x101d1</run_address>
         <size>0x649</size>
         <input_file_ref idref="fl-5"/>
      </object_component>
      <object_component id="oc-f5">
         <name>.debug_info</name>
         <load_address>0x1081a</load_address>
         <run_address>0x1081a</run_address>
         <size>0x71b</size>
         <input_file_ref idref="fl-5"/>
      </object_component>
      <object_component id="oc-c1">
         <name>.debug_info</name>
         <load_address>0x10f35</load_address>
         <run_address>0x10f35</run_address>
         <size>0x83b</size>
         <input_file_ref idref="fl-6"/>
      </object_component>
      <object_component id="oc-e5">
         <name>.debug_info</name>
         <load_address>0x11770</load_address>
         <run_address>0x11770</run_address>
         <size>0xa84</size>
         <input_file_ref idref="fl-6"/>
      </object_component>
      <object_component id="oc-78">
         <name>.debug_info</name>
         <load_address>0x121f4</load_address>
         <run_address>0x121f4</run_address>
         <size>0x2c9</size>
         <input_file_ref idref="fl-7"/>
      </object_component>
      <object_component id="oc-24">
         <name>.debug_info</name>
         <load_address>0x124bd</load_address>
         <run_address>0x124bd</run_address>
         <size>0xf5</size>
         <input_file_ref idref="fl-7"/>
      </object_component>
      <object_component id="oc-66">
         <name>.debug_info</name>
         <load_address>0x125b2</load_address>
         <run_address>0x125b2</run_address>
         <size>0x1bc</size>
         <input_file_ref idref="fl-7"/>
      </object_component>
      <object_component id="oc-2f">
         <name>.debug_info</name>
         <load_address>0x1276e</load_address>
         <run_address>0x1276e</run_address>
         <size>0x84</size>
         <input_file_ref idref="fl-7"/>
      </object_component>
      <object_component id="oc-156">
         <name>.debug_info</name>
         <load_address>0x127f2</load_address>
         <run_address>0x127f2</run_address>
         <size>0xee</size>
         <input_file_ref idref="fl-8"/>
      </object_component>
      <object_component id="oc-aa">
         <name>.debug_info</name>
         <load_address>0x128e0</load_address>
         <run_address>0x128e0</run_address>
         <size>0x260</size>
         <input_file_ref idref="fl-8"/>
      </object_component>
      <object_component id="oc-297">
         <name>.debug_info</name>
         <load_address>0x12b40</load_address>
         <run_address>0x12b40</run_address>
         <size>0x395</size>
         <input_file_ref idref="fl-e"/>
      </object_component>
      <object_component id="oc-f2">
         <name>.debug_info</name>
         <load_address>0x12ed5</load_address>
         <run_address>0x12ed5</run_address>
         <size>0x181</size>
         <input_file_ref idref="fl-e"/>
      </object_component>
      <object_component id="oc-328">
         <name>.debug_info</name>
         <load_address>0x13056</load_address>
         <run_address>0x13056</run_address>
         <size>0x37cd</size>
         <input_file_ref idref="fl-e"/>
      </object_component>
      <object_component id="oc-210">
         <name>.debug_info</name>
         <load_address>0x16823</load_address>
         <run_address>0x16823</run_address>
         <size>0x1055</size>
         <input_file_ref idref="fl-e"/>
      </object_component>
      <object_component id="oc-16f">
         <name>.debug_info</name>
         <load_address>0x17878</load_address>
         <run_address>0x17878</run_address>
         <size>0x18b</size>
         <input_file_ref idref="fl-e"/>
      </object_component>
      <object_component id="oc-174">
         <name>.debug_info</name>
         <load_address>0x17a03</load_address>
         <run_address>0x17a03</run_address>
         <size>0x689</size>
         <input_file_ref idref="fl-f"/>
      </object_component>
      <object_component id="oc-160">
         <name>.debug_info</name>
         <load_address>0x1808c</load_address>
         <run_address>0x1808c</run_address>
         <size>0x19a</size>
         <input_file_ref idref="fl-f"/>
      </object_component>
      <object_component id="oc-169">
         <name>.debug_info</name>
         <load_address>0x18226</load_address>
         <run_address>0x18226</run_address>
         <size>0xc6</size>
         <input_file_ref idref="fl-f"/>
      </object_component>
      <object_component id="oc-16c">
         <name>.debug_info</name>
         <load_address>0x182ec</load_address>
         <run_address>0x182ec</run_address>
         <size>0xc6</size>
         <input_file_ref idref="fl-f"/>
      </object_component>
      <object_component id="oc-b0">
         <name>.debug_info</name>
         <load_address>0x183b2</load_address>
         <run_address>0x183b2</run_address>
         <size>0x1818</size>
         <input_file_ref idref="fl-f"/>
      </object_component>
      <object_component id="oc-20b">
         <name>.debug_info</name>
         <load_address>0x19bca</load_address>
         <run_address>0x19bca</run_address>
         <size>0x37cd</size>
         <input_file_ref idref="fl-f"/>
      </object_component>
      <object_component id="oc-15b">
         <name>.debug_info</name>
         <load_address>0x1d397</load_address>
         <run_address>0x1d397</run_address>
         <size>0x28b</size>
         <input_file_ref idref="fl-10"/>
      </object_component>
      <object_component id="oc-204">
         <name>.debug_info</name>
         <load_address>0x1d622</load_address>
         <run_address>0x1d622</run_address>
         <size>0x1f1</size>
         <input_file_ref idref="fl-11"/>
      </object_component>
      <object_component id="oc-1f8">
         <name>.debug_info</name>
         <load_address>0x1d813</load_address>
         <run_address>0x1d813</run_address>
         <size>0xce</size>
         <input_file_ref idref="fl-11"/>
      </object_component>
      <object_component id="oc-1fe">
         <name>.debug_info</name>
         <load_address>0x1d8e1</load_address>
         <run_address>0x1d8e1</run_address>
         <size>0xd0</size>
         <input_file_ref idref="fl-11"/>
      </object_component>
      <object_component id="oc-1fb">
         <name>.debug_info</name>
         <load_address>0x1d9b1</load_address>
         <run_address>0x1d9b1</run_address>
         <size>0xd2</size>
         <input_file_ref idref="fl-11"/>
      </object_component>
      <object_component id="oc-1f5">
         <name>.debug_info</name>
         <load_address>0x1da83</load_address>
         <run_address>0x1da83</run_address>
         <size>0x15d</size>
         <input_file_ref idref="fl-11"/>
      </object_component>
      <object_component id="oc-201">
         <name>.debug_info</name>
         <load_address>0x1dbe0</load_address>
         <run_address>0x1dbe0</run_address>
         <size>0xe7</size>
         <input_file_ref idref="fl-11"/>
      </object_component>
      <object_component id="oc-165">
         <name>.debug_info</name>
         <load_address>0x1dcc7</load_address>
         <run_address>0x1dcc7</run_address>
         <size>0x1a6f</size>
         <input_file_ref idref="fl-11"/>
      </object_component>
      <object_component id="oc-1b1">
         <name>.debug_info</name>
         <load_address>0x1f736</load_address>
         <run_address>0x1f736</run_address>
         <size>0x337</size>
         <input_file_ref idref="fl-c7"/>
      </object_component>
      <object_component id="oc-dd">
         <name>.debug_info</name>
         <load_address>0x1fa6d</load_address>
         <run_address>0x1fa6d</run_address>
         <size>0x1d5</size>
         <input_file_ref idref="fl-c7"/>
      </object_component>
      <object_component id="oc-1a6">
         <name>.debug_info</name>
         <load_address>0x1fc42</load_address>
         <run_address>0x1fc42</run_address>
         <size>0x191</size>
         <input_file_ref idref="fl-c7"/>
      </object_component>
      <object_component id="oc-1ad">
         <name>.debug_info</name>
         <load_address>0x1fdd3</load_address>
         <run_address>0x1fdd3</run_address>
         <size>0x171</size>
         <input_file_ref idref="fl-c7"/>
      </object_component>
      <object_component id="oc-308">
         <name>.debug_info</name>
         <load_address>0x1ff44</load_address>
         <run_address>0x1ff44</run_address>
         <size>0x2c</size>
         <input_file_ref idref="fl-c7"/>
      </object_component>
      <object_component id="oc-37">
         <name>.debug_info</name>
         <load_address>0x1ff70</load_address>
         <run_address>0x1ff70</run_address>
         <size>0x11d</size>
         <input_file_ref idref="fl-c8"/>
      </object_component>
      <object_component id="oc-8f">
         <name>.debug_info</name>
         <load_address>0x2008d</load_address>
         <run_address>0x2008d</run_address>
         <size>0x2d8</size>
         <input_file_ref idref="fl-c9"/>
      </object_component>
      <object_component id="oc-48">
         <name>.debug_info</name>
         <load_address>0x20365</load_address>
         <run_address>0x20365</run_address>
         <size>0x1b9</size>
         <input_file_ref idref="fl-c9"/>
      </object_component>
      <object_component id="oc-8a">
         <name>.debug_info</name>
         <load_address>0x2051e</load_address>
         <run_address>0x2051e</run_address>
         <size>0x46</size>
         <input_file_ref idref="fl-c9"/>
      </object_component>
      <object_component id="oc-10e">
         <name>.debug_info</name>
         <load_address>0x20564</load_address>
         <run_address>0x20564</run_address>
         <size>0x2c</size>
         <input_file_ref idref="fl-c9"/>
      </object_component>
      <object_component id="oc-3f">
         <name>.debug_info</name>
         <load_address>0x20590</load_address>
         <run_address>0x20590</run_address>
         <size>0x2ac</size>
         <input_file_ref idref="fl-ca"/>
      </object_component>
      <object_component id="oc-1e">
         <name>.debug_info</name>
         <load_address>0x2083c</load_address>
         <run_address>0x2083c</run_address>
         <size>0x1ee</size>
         <input_file_ref idref="fl-ca"/>
      </object_component>
      <object_component id="oc-3a">
         <name>.debug_info</name>
         <load_address>0x20a2a</load_address>
         <run_address>0x20a2a</run_address>
         <size>0x46</size>
         <input_file_ref idref="fl-ca"/>
      </object_component>
      <object_component id="oc-82">
         <name>.debug_info</name>
         <load_address>0x20a70</load_address>
         <run_address>0x20a70</run_address>
         <size>0x2c</size>
         <input_file_ref idref="fl-ca"/>
      </object_component>
      <object_component id="oc-80">
         <name>.debug_info</name>
         <load_address>0x20a9c</load_address>
         <run_address>0x20a9c</run_address>
         <size>0x2a2</size>
         <input_file_ref idref="fl-cb"/>
      </object_component>
      <object_component id="oc-16">
         <name>.debug_info</name>
         <load_address>0x20d3e</load_address>
         <run_address>0x20d3e</run_address>
         <size>0x254</size>
         <input_file_ref idref="fl-cb"/>
      </object_component>
      <object_component id="oc-2a">
         <name>.debug_info</name>
         <load_address>0x20f92</load_address>
         <run_address>0x20f92</run_address>
         <size>0x60</size>
         <input_file_ref idref="fl-cb"/>
      </object_component>
      <object_component id="oc-107">
         <name>.debug_info</name>
         <load_address>0x20ff2</load_address>
         <run_address>0x20ff2</run_address>
         <size>0x46</size>
         <input_file_ref idref="fl-cb"/>
      </object_component>
      <object_component id="oc-7b">
         <name>.debug_info</name>
         <load_address>0x21038</load_address>
         <run_address>0x21038</run_address>
         <size>0x39</size>
         <input_file_ref idref="fl-cb"/>
      </object_component>
      <object_component id="oc-27">
         <name>.debug_info</name>
         <load_address>0x21071</load_address>
         <run_address>0x21071</run_address>
         <size>0x10f</size>
         <input_file_ref idref="fl-cc"/>
      </object_component>
      <object_component id="oc-55">
         <name>.debug_info</name>
         <load_address>0x21180</load_address>
         <run_address>0x21180</run_address>
         <size>0x1ad</size>
         <input_file_ref idref="fl-cc"/>
      </object_component>
      <object_component id="oc-257">
         <name>.debug_info</name>
         <load_address>0x2132d</load_address>
         <run_address>0x2132d</run_address>
         <size>0x57f</size>
         <input_file_ref idref="fl-cd"/>
      </object_component>
      <object_component id="oc-224">
         <name>.debug_info</name>
         <load_address>0x218ac</load_address>
         <run_address>0x218ac</run_address>
         <size>0x222</size>
         <input_file_ref idref="fl-cd"/>
      </object_component>
      <object_component id="oc-2cd">
         <name>.debug_info</name>
         <load_address>0x21ace</load_address>
         <run_address>0x21ace</run_address>
         <size>0x1b7</size>
         <input_file_ref idref="fl-cd"/>
      </object_component>
      <object_component id="oc-2d3">
         <name>.debug_info</name>
         <load_address>0x21c85</load_address>
         <run_address>0x21c85</run_address>
         <size>0x21f</size>
         <input_file_ref idref="fl-cd"/>
      </object_component>
      <object_component id="oc-22f">
         <name>.debug_info</name>
         <load_address>0x21ea4</load_address>
         <run_address>0x21ea4</run_address>
         <size>0x3bf</size>
         <input_file_ref idref="fl-cd"/>
      </object_component>
      <object_component id="oc-2da">
         <name>.debug_info</name>
         <load_address>0x22263</load_address>
         <run_address>0x22263</run_address>
         <size>0x309</size>
         <input_file_ref idref="fl-cd"/>
      </object_component>
      <object_component id="oc-2e0">
         <name>.debug_info</name>
         <load_address>0x2256c</load_address>
         <run_address>0x2256c</run_address>
         <size>0x219</size>
         <input_file_ref idref="fl-cd"/>
      </object_component>
      <object_component id="oc-235">
         <name>.debug_info</name>
         <load_address>0x22785</load_address>
         <run_address>0x22785</run_address>
         <size>0x219</size>
         <input_file_ref idref="fl-cd"/>
      </object_component>
      <object_component id="oc-23b">
         <name>.debug_info</name>
         <load_address>0x2299e</load_address>
         <run_address>0x2299e</run_address>
         <size>0x308</size>
         <input_file_ref idref="fl-cd"/>
      </object_component>
      <object_component id="oc-241">
         <name>.debug_info</name>
         <load_address>0x22ca6</load_address>
         <run_address>0x22ca6</run_address>
         <size>0x4b4</size>
         <input_file_ref idref="fl-cd"/>
      </object_component>
      <object_component id="oc-1a1">
         <name>.debug_info</name>
         <load_address>0x2315a</load_address>
         <run_address>0x2315a</run_address>
         <size>0x5f8</size>
         <input_file_ref idref="fl-cd"/>
      </object_component>
      <object_component id="oc-258">
         <name>.debug_info</name>
         <load_address>0x23752</load_address>
         <run_address>0x23752</run_address>
         <size>0x86</size>
         <input_file_ref idref="fl-cd"/>
      </object_component>
      <object_component id="oc-30d">
         <name>.debug_info</name>
         <load_address>0x237d8</load_address>
         <run_address>0x237d8</run_address>
         <size>0x39</size>
         <input_file_ref idref="fl-cd"/>
      </object_component>
      <object_component id="oc-364">
         <name>.debug_info</name>
         <load_address>0x23811</load_address>
         <run_address>0x23811</run_address>
         <size>0xb6</size>
         <input_file_ref idref="fl-cd"/>
      </object_component>
      <object_component id="oc-312">
         <name>.debug_info</name>
         <load_address>0x238c7</load_address>
         <run_address>0x238c7</run_address>
         <size>0x46</size>
         <input_file_ref idref="fl-cd"/>
      </object_component>
      <object_component id="oc-25d">
         <name>.debug_info</name>
         <load_address>0x2390d</load_address>
         <run_address>0x2390d</run_address>
         <size>0x46</size>
         <input_file_ref idref="fl-cd"/>
      </object_component>
      <object_component id="oc-347">
         <name>.debug_info</name>
         <load_address>0x23953</load_address>
         <run_address>0x23953</run_address>
         <size>0x29e</size>
         <input_file_ref idref="fl-ce"/>
      </object_component>
      <object_component id="oc-2e7">
         <name>.debug_info</name>
         <load_address>0x23bf1</load_address>
         <run_address>0x23bf1</run_address>
         <size>0x199</size>
         <input_file_ref idref="fl-ce"/>
      </object_component>
      <object_component id="oc-370">
         <name>.debug_info</name>
         <load_address>0x23d8a</load_address>
         <run_address>0x23d8a</run_address>
         <size>0x39</size>
         <input_file_ref idref="fl-ce"/>
      </object_component>
      <object_component id="oc-348">
         <name>.debug_info</name>
         <load_address>0x23dc3</load_address>
         <run_address>0x23dc3</run_address>
         <size>0x2c</size>
         <input_file_ref idref="fl-ce"/>
      </object_component>
      <object_component id="oc-354">
         <name>.debug_info</name>
         <load_address>0x23def</load_address>
         <run_address>0x23def</run_address>
         <size>0x301</size>
         <input_file_ref idref="fl-cf"/>
      </object_component>
      <object_component id="oc-2ec">
         <name>.debug_info</name>
         <load_address>0x240f0</load_address>
         <run_address>0x240f0</run_address>
         <size>0x229</size>
         <input_file_ref idref="fl-cf"/>
      </object_component>
      <object_component id="oc-34e">
         <name>.debug_info</name>
         <load_address>0x24319</load_address>
         <run_address>0x24319</run_address>
         <size>0x165</size>
         <input_file_ref idref="fl-d0"/>
      </object_component>
      <object_component id="oc-2a2">
         <name>.debug_info</name>
         <load_address>0x2447e</load_address>
         <run_address>0x2447e</run_address>
         <size>0x138</size>
         <input_file_ref idref="fl-d1"/>
      </object_component>
      <object_component id="oc-2c6">
         <name>.debug_info</name>
         <load_address>0x245b6</load_address>
         <run_address>0x245b6</run_address>
         <size>0x150</size>
         <input_file_ref idref="fl-d2"/>
      </object_component>
      <object_component id="oc-229">
         <name>.debug_info</name>
         <load_address>0x24706</load_address>
         <run_address>0x24706</run_address>
         <size>0x12c</size>
         <input_file_ref idref="fl-d3"/>
      </object_component>
      <object_component id="oc-2b3">
         <name>.debug_info</name>
         <load_address>0x24832</load_address>
         <run_address>0x24832</run_address>
         <size>0x12e</size>
         <input_file_ref idref="fl-d3"/>
      </object_component>
      <object_component id="oc-2ad">
         <name>.debug_info</name>
         <load_address>0x24960</load_address>
         <run_address>0x24960</run_address>
         <size>0x13e</size>
         <input_file_ref idref="fl-d4"/>
      </object_component>
      <object_component id="oc-2a7">
         <name>.debug_info</name>
         <load_address>0x24a9e</load_address>
         <run_address>0x24a9e</run_address>
         <size>0x13e</size>
         <input_file_ref idref="fl-d5"/>
      </object_component>
      <object_component id="oc-2b6">
         <name>.debug_info</name>
         <load_address>0x24bdc</load_address>
         <run_address>0x24bdc</run_address>
         <size>0x132</size>
         <input_file_ref idref="fl-d6"/>
      </object_component>
      <object_component id="oc-2c2">
         <name>.debug_info</name>
         <load_address>0x24d0e</load_address>
         <run_address>0x24d0e</run_address>
         <size>0x130</size>
         <input_file_ref idref="fl-d7"/>
      </object_component>
      <object_component id="oc-91">
         <name>.debug_info</name>
         <load_address>0x24e3e</load_address>
         <run_address>0x24e3e</run_address>
         <size>0x14b</size>
         <input_file_ref idref="fl-d8"/>
      </object_component>
      <object_component id="oc-1da">
         <name>.debug_info</name>
         <load_address>0x24f89</load_address>
         <run_address>0x24f89</run_address>
         <size>0x4b7</size>
         <input_file_ref idref="fl-d9"/>
      </object_component>
      <object_component id="oc-125">
         <name>.debug_info</name>
         <load_address>0x25440</load_address>
         <run_address>0x25440</run_address>
         <size>0x1aa</size>
         <input_file_ref idref="fl-d9"/>
      </object_component>
      <object_component id="oc-27a">
         <name>.debug_info</name>
         <load_address>0x255ea</load_address>
         <run_address>0x255ea</run_address>
         <size>0x39</size>
         <input_file_ref idref="fl-d9"/>
      </object_component>
      <object_component id="oc-31a">
         <name>.debug_info</name>
         <load_address>0x25623</load_address>
         <run_address>0x25623</run_address>
         <size>0x39</size>
         <input_file_ref idref="fl-d9"/>
      </object_component>
      <object_component id="oc-27f">
         <name>.debug_info</name>
         <load_address>0x2565c</load_address>
         <run_address>0x2565c</run_address>
         <size>0x39</size>
         <input_file_ref idref="fl-d9"/>
      </object_component>
      <object_component id="oc-284">
         <name>.debug_info</name>
         <load_address>0x25695</load_address>
         <run_address>0x25695</run_address>
         <size>0xcd</size>
         <input_file_ref idref="fl-d9"/>
      </object_component>
      <object_component id="oc-97">
         <name>.debug_info</name>
         <load_address>0x25762</load_address>
         <run_address>0x25762</run_address>
         <size>0x157</size>
         <input_file_ref idref="fl-da"/>
      </object_component>
      <object_component id="oc-119">
         <name>.debug_info</name>
         <load_address>0x258b9</load_address>
         <run_address>0x258b9</run_address>
         <size>0x126</size>
         <input_file_ref idref="fl-dc"/>
      </object_component>
      <object_component id="oc-29e">
         <name>.debug_info</name>
         <load_address>0x259df</load_address>
         <run_address>0x259df</run_address>
         <size>0x2bd</size>
         <input_file_ref idref="fl-df"/>
      </object_component>
      <object_component id="oc-21d">
         <name>.debug_info</name>
         <load_address>0x25c9c</load_address>
         <run_address>0x25c9c</run_address>
         <size>0x180</size>
         <input_file_ref idref="fl-df"/>
      </object_component>
      <object_component id="oc-331">
         <name>.debug_info</name>
         <load_address>0x25e1c</load_address>
         <run_address>0x25e1c</run_address>
         <size>0xfd</size>
         <input_file_ref idref="fl-e0"/>
      </object_component>
      <object_component id="oc-29b">
         <name>.debug_info</name>
         <load_address>0x25f19</load_address>
         <run_address>0x25f19</run_address>
         <size>0x109</size>
         <input_file_ref idref="fl-e0"/>
      </object_component>
      <object_component id="oc-33f">
         <name>.debug_info</name>
         <load_address>0x26022</load_address>
         <run_address>0x26022</run_address>
         <size>0x29f</size>
         <input_file_ref idref="fl-e1"/>
      </object_component>
      <object_component id="oc-2bb">
         <name>.debug_info</name>
         <load_address>0x262c1</load_address>
         <run_address>0x262c1</run_address>
         <size>0x1d1</size>
         <input_file_ref idref="fl-e1"/>
      </object_component>
      <object_component id="oc-2f9">
         <name>.debug_info</name>
         <load_address>0x26492</load_address>
         <run_address>0x26492</run_address>
         <size>0x29a</size>
         <input_file_ref idref="fl-e2"/>
      </object_component>
      <object_component id="oc-247">
         <name>.debug_info</name>
         <load_address>0x2672c</load_address>
         <run_address>0x2672c</run_address>
         <size>0x1ba</size>
         <input_file_ref idref="fl-e2"/>
      </object_component>
      <object_component id="oc-356">
         <name>.debug_info</name>
         <load_address>0x268e6</load_address>
         <run_address>0x268e6</run_address>
         <size>0x29e</size>
         <input_file_ref idref="fl-e3"/>
      </object_component>
      <object_component id="oc-2f3">
         <name>.debug_info</name>
         <load_address>0x26b84</load_address>
         <run_address>0x26b84</run_address>
         <size>0x26c</size>
         <input_file_ref idref="fl-e3"/>
      </object_component>
      <object_component id="oc-299">
         <name>.debug_info</name>
         <load_address>0x26df0</load_address>
         <run_address>0x26df0</run_address>
         <size>0x293</size>
         <input_file_ref idref="fl-e4"/>
      </object_component>
      <object_component id="oc-217">
         <name>.debug_info</name>
         <load_address>0x27083</load_address>
         <run_address>0x27083</run_address>
         <size>0x24f</size>
         <input_file_ref idref="fl-e4"/>
      </object_component>
      <object_component id="oc-305">
         <name>.debug_info</name>
         <load_address>0x272d2</load_address>
         <run_address>0x272d2</run_address>
         <size>0x28d</size>
         <input_file_ref idref="fl-e5"/>
      </object_component>
      <object_component id="oc-302">
         <name>.debug_info</name>
         <load_address>0x2755f</load_address>
         <run_address>0x2755f</run_address>
         <size>0x112</size>
         <input_file_ref idref="fl-e5"/>
      </object_component>
      <object_component id="oc-251">
         <name>.debug_info</name>
         <load_address>0x27671</load_address>
         <run_address>0x27671</run_address>
         <size>0x152</size>
         <input_file_ref idref="fl-e5"/>
      </object_component>
      <object_component id="oc-300">
         <name>.debug_info</name>
         <load_address>0x277c3</load_address>
         <run_address>0x277c3</run_address>
         <size>0x293</size>
         <input_file_ref idref="fl-e6"/>
      </object_component>
      <object_component id="oc-24d">
         <name>.debug_info</name>
         <load_address>0x27a56</load_address>
         <run_address>0x27a56</run_address>
         <size>0x15e</size>
         <input_file_ref idref="fl-e6"/>
      </object_component>
      <object_component id="oc-359">
         <name>.debug_info</name>
         <load_address>0x27bb4</load_address>
         <run_address>0x27bb4</run_address>
         <size>0x46</size>
         <input_file_ref idref="fl-e6"/>
      </object_component>
      <object_component id="oc-2fb">
         <name>.debug_info</name>
         <load_address>0x27bfa</load_address>
         <run_address>0x27bfa</run_address>
         <size>0x39</size>
         <input_file_ref idref="fl-e6"/>
      </object_component>
      <object_component id="oc-337">
         <name>.debug_info</name>
         <load_address>0x27c33</load_address>
         <run_address>0x27c33</run_address>
         <size>0x119</size>
         <input_file_ref idref="fl-e7"/>
      </object_component>
      <object_component id="oc-3ac">
         <name>.debug_info</name>
         <load_address>0x27d4c</load_address>
         <run_address>0x27d4c</run_address>
         <size>0xa1</size>
      </object_component>
      <object_component id="oc-178">
         <name>.debug_line</name>
         <load_address>0x0</load_address>
         <run_address>0x0</run_address>
         <size>0x1a2</size>
         <input_file_ref idref="fl-2"/>
      </object_component>
      <object_component id="oc-1ce">
         <name>.debug_line</name>
         <load_address>0x1a2</load_address>
         <run_address>0x1a2</run_address>
         <size>0x40</size>
         <input_file_ref idref="fl-2"/>
      </object_component>
      <object_component id="oc-19b">
         <name>.debug_line</name>
         <load_address>0x1e2</load_address>
         <run_address>0x1e2</run_address>
         <size>0x40</size>
         <input_file_ref idref="fl-2"/>
      </object_component>
      <object_component id="oc-19d">
         <name>.debug_line</name>
         <load_address>0x222</load_address>
         <run_address>0x222</run_address>
         <size>0x40</size>
         <input_file_ref idref="fl-2"/>
      </object_component>
      <object_component id="oc-71">
         <name>.debug_line</name>
         <load_address>0x262</load_address>
         <run_address>0x262</run_address>
         <size>0x655</size>
         <input_file_ref idref="fl-2"/>
      </object_component>
      <object_component id="oc-c9">
         <name>.debug_line</name>
         <load_address>0x8b7</load_address>
         <run_address>0x8b7</run_address>
         <size>0x5d</size>
         <input_file_ref idref="fl-2"/>
      </object_component>
      <object_component id="oc-181">
         <name>.debug_line</name>
         <load_address>0x914</load_address>
         <run_address>0x914</run_address>
         <size>0x5a</size>
         <input_file_ref idref="fl-2"/>
      </object_component>
      <object_component id="oc-105">
         <name>.debug_line</name>
         <load_address>0x96e</load_address>
         <run_address>0x96e</run_address>
         <size>0x6f</size>
         <input_file_ref idref="fl-2"/>
      </object_component>
      <object_component id="oc-17c">
         <name>.debug_line</name>
         <load_address>0x9dd</load_address>
         <run_address>0x9dd</run_address>
         <size>0x57</size>
         <input_file_ref idref="fl-2"/>
      </object_component>
      <object_component id="oc-ce">
         <name>.debug_line</name>
         <load_address>0xa34</load_address>
         <run_address>0xa34</run_address>
         <size>0x20</size>
         <input_file_ref idref="fl-2"/>
      </object_component>
      <object_component id="oc-198">
         <name>.debug_line</name>
         <load_address>0xa54</load_address>
         <run_address>0xa54</run_address>
         <size>0x73</size>
         <input_file_ref idref="fl-2"/>
      </object_component>
      <object_component id="oc-d3">
         <name>.debug_line</name>
         <load_address>0xac7</load_address>
         <run_address>0xac7</run_address>
         <size>0x70</size>
         <input_file_ref idref="fl-2"/>
      </object_component>
      <object_component id="oc-1b5">
         <name>.debug_line</name>
         <load_address>0xb37</load_address>
         <run_address>0xb37</run_address>
         <size>0x6b</size>
         <input_file_ref idref="fl-2"/>
      </object_component>
      <object_component id="oc-184">
         <name>.debug_line</name>
         <load_address>0xba2</load_address>
         <run_address>0xba2</run_address>
         <size>0x45</size>
         <input_file_ref idref="fl-3"/>
      </object_component>
      <object_component id="oc-176">
         <name>.debug_line</name>
         <load_address>0xbe7</load_address>
         <run_address>0xbe7</run_address>
         <size>0x34</size>
         <input_file_ref idref="fl-3"/>
      </object_component>
      <object_component id="oc-6f">
         <name>.debug_line</name>
         <load_address>0xc1b</load_address>
         <run_address>0xc1b</run_address>
         <size>0x22f</size>
         <input_file_ref idref="fl-3"/>
      </object_component>
      <object_component id="oc-188">
         <name>.debug_line</name>
         <load_address>0xe4a</load_address>
         <run_address>0xe4a</run_address>
         <size>0x57</size>
         <input_file_ref idref="fl-3"/>
      </object_component>
      <object_component id="oc-18b">
         <name>.debug_line</name>
         <load_address>0xea1</load_address>
         <run_address>0xea1</run_address>
         <size>0x5d</size>
         <input_file_ref idref="fl-4"/>
      </object_component>
      <object_component id="oc-267">
         <name>.debug_line</name>
         <load_address>0xefe</load_address>
         <run_address>0xefe</run_address>
         <size>0x3e</size>
         <input_file_ref idref="fl-4"/>
      </object_component>
      <object_component id="oc-269">
         <name>.debug_line</name>
         <load_address>0xf3c</load_address>
         <run_address>0xf3c</run_address>
         <size>0x3e</size>
         <input_file_ref idref="fl-4"/>
      </object_component>
      <object_component id="oc-ec">
         <name>.debug_line</name>
         <load_address>0xf7a</load_address>
         <run_address>0xf7a</run_address>
         <size>0x99</size>
         <input_file_ref idref="fl-4"/>
      </object_component>
      <object_component id="oc-18f">
         <name>.debug_line</name>
         <load_address>0x1013</load_address>
         <run_address>0x1013</run_address>
         <size>0x57</size>
         <input_file_ref idref="fl-4"/>
      </object_component>
      <object_component id="oc-192">
         <name>.debug_line</name>
         <load_address>0x106a</load_address>
         <run_address>0x106a</run_address>
         <size>0xa3</size>
         <input_file_ref idref="fl-5"/>
      </object_component>
      <object_component id="oc-f8">
         <name>.debug_line</name>
         <load_address>0x110d</load_address>
         <run_address>0x110d</run_address>
         <size>0x146</size>
         <input_file_ref idref="fl-5"/>
      </object_component>
      <object_component id="oc-194">
         <name>.debug_line</name>
         <load_address>0x1253</load_address>
         <run_address>0x1253</run_address>
         <size>0x127</size>
         <input_file_ref idref="fl-6"/>
      </object_component>
      <object_component id="oc-e4">
         <name>.debug_line</name>
         <load_address>0x137a</load_address>
         <run_address>0x137a</run_address>
         <size>0x2d7</size>
         <input_file_ref idref="fl-6"/>
      </object_component>
      <object_component id="oc-101">
         <name>.debug_line</name>
         <load_address>0x1651</load_address>
         <run_address>0x1651</run_address>
         <size>0x40</size>
         <input_file_ref idref="fl-7"/>
      </object_component>
      <object_component id="oc-77">
         <name>.debug_line</name>
         <load_address>0x1691</load_address>
         <run_address>0x1691</run_address>
         <size>0x40</size>
         <input_file_ref idref="fl-7"/>
      </object_component>
      <object_component id="oc-68">
         <name>.debug_line</name>
         <load_address>0x16d1</load_address>
         <run_address>0x16d1</run_address>
         <size>0x71</size>
         <input_file_ref idref="fl-7"/>
      </object_component>
      <object_component id="oc-32">
         <name>.debug_line</name>
         <load_address>0x1742</load_address>
         <run_address>0x1742</run_address>
         <size>0x20</size>
         <input_file_ref idref="fl-7"/>
      </object_component>
      <object_component id="oc-1f0">
         <name>.debug_line</name>
         <load_address>0x1762</load_address>
         <run_address>0x1762</run_address>
         <size>0x3b</size>
         <input_file_ref idref="fl-8"/>
      </object_component>
      <object_component id="oc-ad">
         <name>.debug_line</name>
         <load_address>0x179d</load_address>
         <run_address>0x179d</run_address>
         <size>0x159</size>
         <input_file_ref idref="fl-8"/>
      </object_component>
      <object_component id="oc-327">
         <name>.debug_line</name>
         <load_address>0x18f6</load_address>
         <run_address>0x18f6</run_address>
         <size>0x20</size>
         <input_file_ref idref="fl-e"/>
      </object_component>
      <object_component id="oc-f0">
         <name>.debug_line</name>
         <load_address>0x1916</load_address>
         <run_address>0x1916</run_address>
         <size>0x75</size>
         <input_file_ref idref="fl-e"/>
      </object_component>
      <object_component id="oc-32b">
         <name>.debug_line</name>
         <load_address>0x198b</load_address>
         <run_address>0x198b</run_address>
         <size>0x52</size>
         <input_file_ref idref="fl-e"/>
      </object_component>
      <object_component id="oc-213">
         <name>.debug_line</name>
         <load_address>0x19dd</load_address>
         <run_address>0x19dd</run_address>
         <size>0x55</size>
         <input_file_ref idref="fl-e"/>
      </object_component>
      <object_component id="oc-172">
         <name>.debug_line</name>
         <load_address>0x1a32</load_address>
         <run_address>0x1a32</run_address>
         <size>0x65</size>
         <input_file_ref idref="fl-e"/>
      </object_component>
      <object_component id="oc-20a">
         <name>.debug_line</name>
         <load_address>0x1a97</load_address>
         <run_address>0x1a97</run_address>
         <size>0x41</size>
         <input_file_ref idref="fl-f"/>
      </object_component>
      <object_component id="oc-1f3">
         <name>.debug_line</name>
[...]
      </symbol>
      <symbol id="sm-3a1">
         <name>getLinea</name>
         <value>0x2bd7</value>
         <object_component_ref idref="oc-af"/>
      </symbol>
      <symbol id="sm-3a2">
         <name>initLCD</name>
         <value>0x2e4d</value>
         <object_component_ref idref="oc-af"/>
      </symbol>
      <symbol id="sm-3c1">
         <name>writeData</name>
         <value>0x4511</value>
         <object_component_ref idref="oc-159"/>
      </symbol>
      <symbol id="sm-3c2">
         <name>writeCommand</name>
         <value>0x4537</value>
         <object_component_ref idref="oc-159"/>
      </symbol>
      <symbol id="sm-3c3">
         <name>delay</name>
         <value>0x455d</value>
         <object_component_ref idref="oc-159"/>
      </symbol>
      <symbol id="sm-3c4">
         <name>init_spi_lcd_tactil</name>
         <value>0x4439</value>
         <object_component_ref idref="oc-159"/>
      </symbol>
      <symbol id="sm-48f">
         <name>drawCharLgBkg</name>
         <value>0x1619</value>
         <object_component_ref idref="oc-162"/>
      </symbol>
      <symbol id="sm-490">
         <name>drawPixel</name>
         <value>0x1287</value>
         <object_component_ref idref="oc-162"/>
      </symbol>
      <symbol id="sm-491">
         <name>drawImageMono</name>
         <value>0x1a33</value>
         <object_component_ref idref="oc-162"/>
      </symbol>
      <symbol id="sm-492">
         <name>setColor</name>
         <value>0x1135</value>
         <object_component_ref idref="oc-162"/>
      </symbol>
      <symbol id="sm-493">
         <name>bgColorHighByte</name>
         <value>0x20000489</value>
         <object_component_ref idref="oc-1f4"/>
      </symbol>
      <symbol id="sm-494">
         <name>drawCircle</name>
         <value>0x1deb</value>
         <object_component_ref idref="oc-162"/>
      </symbol>
      <symbol id="sm-495">
         <name>drawImageLut</name>
         <value>0x1925</value>
         <object_component_ref idref="oc-162"/>
      </symbol>
      <symbol id="sm-496">
         <name>drawImage</name>
         <value>0x190d</value>
         <object_component_ref idref="oc-162"/>
      </symbol>
      <symbol id="sm-497">
         <name>font_11x16</name>
         <value>0x55fc</value>
         <object_component_ref idref="oc-1fa"/>
      </symbol>
      <symbol id="sm-498">
         <name>drawLine</name>
         <value>0x1b91</value>
         <object_component_ref idref="oc-162"/>
      </symbol>
      <symbol id="sm-499">
         <name>font_8x12</name>
         <value>0x5e26</value>
         <object_component_ref idref="oc-1fd"/>
      </symbol>
      <symbol id="sm-49a">
         <name>drawCharMd</name>
         <value>0x16fd</value>
         <object_component_ref idref="oc-162"/>
      </symbol>
      <symbol id="sm-49b">
         <name>drawCharSmBkg</name>
         <value>0x1497</value>
         <object_component_ref idref="oc-162"/>
      </symbol>
      <symbol id="sm-49c">
         <name>drawCharLg</name>
         <value>0x1571</value>
         <object_component_ref idref="oc-162"/>
      </symbol>
      <symbol id="sm-49d">
         <name>drawCharSm</name>
         <value>0x13f1</value>
         <object_component_ref idref="oc-162"/>
      </symbol>
      <symbol id="sm-49e">
         <name>drawLogicLine</name>
         <value>0x1a51</value>
         <object_component_ref idref="oc-162"/>
      </symbol>
      <symbol id="sm-49f">
         <name>setBackgroundColor</name>
         <value>0x1153</value>
         <object_component_ref idref="oc-162"/>
      </symbol>
      <symbol id="sm-4a0">
         <name>clearScreenBkg</name>
         <value>0x11ff</value>
         <object_component_ref idref="oc-162"/>
      </symbol>
      <symbol id="sm-4a1">
         <name>fillCircle</name>
         <value>0x2009</value>
         <object_component_ref idref="oc-162"/>
      </symbol>
      <symbol id="sm-4a2">
         <name>fillRect</name>
         <value>0x1f6b</value>
         <object_component_ref idref="oc-162"/>
      </symbol>
      <symbol id="sm-4a3">
         <name>drawString</name>
         <value>0x12b7</value>
         <object_component_ref idref="oc-162"/>
      </symbol>
      <symbol id="sm-4a4">
         <name>clearScreen</name>
         <value>0x1171</value>
         <object_component_ref idref="oc-162"/>
      </symbol>
      <symbol id="sm-4a5">
         <name>colorLowByte</name>
         <value>0x20000486</value>
         <object_component_ref idref="oc-1f4"/>
      </symbol>
      <symbol id="sm-4a6">
         <name>drawCharMdBkg</name>
         <value>0x17ab</value>
         <object_component_ref idref="oc-162"/>
      </symbol>
      <symbol id="sm-4a7">
         <name>font_5x7</name>
         <value>0x629a</value>
         <object_component_ref idref="oc-1f7"/>
      </symbol>
      <symbol id="sm-4a8">
         <name>drawRect</name>
         <value>0x1d87</value>
         <object_component_ref idref="oc-162"/>
      </symbol>
      <symbol id="sm-4a9">
         <name>colorHighByte</name>
         <value>0x20000487</value>
         <object_component_ref idref="oc-1f4"/>
      </symbol>
      <symbol id="sm-4aa">
         <name>bgColorLowByte</name>
         <value>0x20000488</value>
         <object_component_ref idref="oc-1f4"/>
      </symbol>
      <symbol id="sm-4d1">
         <name>sprintf</name>
         <value>0x544d</value>
         <object_component_ref idref="oc-db"/>
      </symbol>
      <symbol id="sm-4ec">
         <name>memcpy</name>
         <value>0x4e0b</value>
         <object_component_ref idref="oc-34"/>
      </symbol>
      <symbol id="sm-4ed">
         <name>__aeabi_memcpy</name>
         <value>0x4e0b</value>
         <object_component_ref idref="oc-34"/>
      </symbol>
      <symbol id="sm-4ee">
         <name>__aeabi_memcpy8</name>
         <value>0x4e0b</value>
         <object_component_ref idref="oc-34"/>
      </symbol>
      <symbol id="sm-4ef">
         <name>__aeabi_memcpy4</name>
         <value>0x4e0b</value>
         <object_component_ref idref="oc-34"/>
      </symbol>
      <symbol id="sm-506">
         <name>__TI_zero_init</name>
         <value>0x55d5</value>
         <object_component_ref idref="oc-46"/>
      </symbol>
      <symbol id="sm-51d">
         <name>__TI_decompress_none</name>
         <value>0x55b9</value>
         <object_component_ref idref="oc-1a"/>
      </symbol>
      <symbol id="sm-540">
         <name>__TI_decompress_lzss</name>
         <value>0x51ab</value>
         <object_component_ref idref="oc-14"/>
      </symbol>
      <symbol id="sm-553">
         <name>__stack</name>
         <value>0x2000fe00</value>
         <object_component_ref idref="oc-26"/>
      </symbol>
      <symbol id="sm-554">
         <name>_c_int00_noargs</name>
         <value>0x54cd</value>
         <object_component_ref idref="oc-52"/>
      </symbol>
      <symbol id="sm-6b9">
         <name>__TI_printfi</name>
         <value>0x2181</value>
         <object_component_ref idref="oc-19e"/>
      </symbol>
      <symbol id="sm-6d9">
         <name>frexpl</name>
         <value>0x5215</value>
         <object_component_ref idref="oc-2e5"/>
      </symbol>
      <symbol id="sm-6da">
         <name>frexp</name>
         <value>0x5215</value>
         <object_component_ref idref="oc-2e5"/>
      </symbol>
      <symbol id="sm-6f7">
         <name>scalbn</name>
         <value>0x4a8d</value>
         <object_component_ref idref="oc-2eb"/>
      </symbol>
      <symbol id="sm-6f8">
         <name>scalbnl</name>
         <value>0x4a8d</value>
         <object_component_ref idref="oc-2eb"/>
      </symbol>
      <symbol id="sm-6f9">
         <name>ldexpl</name>
         <value>0x4a8d</value>
         <object_component_ref idref="oc-2eb"/>
      </symbol>
      <symbol id="sm-6fa">
         <name>ldexp</name>
         <value>0x4a8d</value>
         <object_component_ref idref="oc-2eb"/>
      </symbol>
      <symbol id="sm-704">
         <name>copysign</name>
         <value>0x554b</value>
         <object_component_ref idref="oc-34d"/>
      </symbol>
      <symbol id="sm-705">
         <name>copysignl</name>
         <value>0x554b</value>
         <object_component_ref idref="oc-34d"/>
      </symbol>
      <symbol id="sm-712">
         <name>__aeabi_uldivmod</name>
         <value>0x4ea7</value>
         <object_component_ref idref="oc-29f"/>
      </symbol>
      <symbol id="sm-729">
         <name>__aeabi_dsub</name>
         <value>0x4281</value>
         <object_component_ref idref="oc-2c5"/>
      </symbol>
      <symbol id="sm-72a">
         <name>__aeabi_dadd</name>
         <value>0x428b</value>
         <object_component_ref idref="oc-2c5"/>
      </symbol>
      <symbol id="sm-74c">
         <name>__aeabi_cdcmpeq</name>
         <value>0x4f3d</value>
         <object_component_ref idref="oc-227"/>
      </symbol>
      <symbol id="sm-74d">
         <name>__aeabi_cdcmple</name>
         <value>0x4f3d</value>
         <object_component_ref idref="oc-227"/>
      </symbol>
      <symbol id="sm-74e">
         <name>__aeabi_cdrcmple</name>
         <value>0x4fc3</value>
         <object_component_ref idref="oc-2b0"/>
      </symbol>
      <symbol id="sm-762">
         <name>__aeabi_ddiv</name>
         <value>0x46fd</value>
         <object_component_ref idref="oc-2ab"/>
      </symbol>
      <symbol id="sm-76d">
         <name>__aeabi_dmul</name>
         <value>0x4b9d</value>
         <object_component_ref idref="oc-2a6"/>
      </symbol>
      <symbol id="sm-777">
         <name>__aeabi_d2iz</name>
         <value>0x53c1</value>
         <object_component_ref idref="oc-2b5"/>
      </symbol>
      <symbol id="sm-781">
         <name>__aeabi_i2d</name>
         <value>0x5501</value>
         <object_component_ref idref="oc-2c0"/>
      </symbol>
      <symbol id="sm-790">
         <name>__aeabi_memset</name>
         <value>0x504b</value>
         <object_component_ref idref="oc-90"/>
      </symbol>
      <symbol id="sm-791">
         <name>memset</name>
         <value>0x5051</value>
         <object_component_ref idref="oc-90"/>
      </symbol>
      <symbol id="sm-792">
         <name>__aeabi_memset8</name>
         <value>0x504b</value>
         <object_component_ref idref="oc-90"/>
      </symbol>
      <symbol id="sm-793">
         <name>__aeabi_memset4</name>
         <value>0x504b</value>
         <object_component_ref idref="oc-90"/>
      </symbol>
      <symbol id="sm-794">
         <name>__aeabi_memclr8</name>
         <value>0x5049</value>
         <object_component_ref idref="oc-90"/>
      </symbol>
      <symbol id="sm-795">
         <name>__aeabi_memclr4</name>
         <value>0x5049</value>
         <object_component_ref idref="oc-90"/>
      </symbol>
      <symbol id="sm-796">
         <name>__aeabi_memclr</name>
         <value>0x5049</value>
         <object_component_ref idref="oc-90"/>
      </symbol>
      <symbol id="sm-7be">
         <name>__TI_auto_init_nobinit_nopinit</name>
         <value>0x5409</value>
         <object_component_ref idref="oc-123"/>
      </symbol>
      <symbol id="sm-7c8">
         <name>_system_pre_init</name>
         <value>0x55f5</value>
         <object_component_ref idref="oc-96"/>
      </symbol>
      <symbol id="sm-7d4">
         <name>C$$EXIT</name>
         <value>0x55f9</value>
         <object_component_ref idref="oc-117"/>
      </symbol>
      <symbol id="sm-7d5">
         <name>abort</name>
         <value>0x55f9</value>
         <object_component_ref idref="oc-117"/>
      </symbol>
      <symbol id="sm-7ed">
         <name>atoi</name>
         <value>0x5375</value>
         <object_component_ref idref="oc-21b"/>
      </symbol>
      <symbol id="sm-7f8">
         <name>_ctypes_</name>
         <value>0x647a</value>
         <object_component_ref idref="oc-29a"/>
      </symbol>
      <symbol id="sm-807">
         <name>ltoa</name>
         <value>0x52cf</value>
         <object_component_ref idref="oc-2ba"/>
      </symbol>
      <symbol id="sm-817">
         <name>memccpy</name>
         <value>0x552f</value>
         <object_component_ref idref="oc-244"/>
      </symbol>
      <symbol id="sm-827">
         <name>strchr</name>
         <value>0x557d</value>
         <object_component_ref idref="oc-2f1"/>
      </symbol>
      <symbol id="sm-835">
         <name>strlen</name>
         <value>0x5593</value>
         <object_component_ref idref="oc-215"/>
      </symbol>
      <symbol id="sm-84b">
         <name>__aeabi_errno_addr</name>
         <value>0x55ed</value>
         <object_component_ref idref="oc-250"/>
      </symbol>
      <symbol id="sm-84c">
         <name>errno</name>
         <value>0x2000048c</value>
         <object_component_ref idref="oc-301"/>
      </symbol>
      <symbol id="sm-865">
         <name>wcslen</name>
         <value>0x55a7</value>
         <object_component_ref idref="oc-24a"/>
      </symbol>
      <symbol id="sm-86f">
         <name>__aeabi_idiv0</name>
         <value>0x2bcf</value>
         <object_component_ref idref="oc-334"/>
      </symbol>
      <symbol id="sm-870">
         <name>__aeabi_ldiv0</name>
         <value>0x2bcf</value>
         <object_component_ref idref="oc-334"/>
      </symbol>
      <symbol id="sm-871">
         <name>__TI_static_base__</name>
         <value>0x0</value>
      </symbol>
      <symbol id="sm-874">
         <name>__mpu_init</name>
         <value>0x0</value>
      </symbol>
      <symbol id="sm-875">
         <name>_system_post_cinit</name>
         <value>0x0</value>
      </symbol>
      <symbol id="sm-876">
         <name>NMI_Handler</name>
         <value>0x55d3</value>
      </symbol>
      <symbol id="sm-877">
         <name>HardFault_Handler</name>
         <value>0x55d3</value>
      </symbol>
      <symbol id="sm-878">
         <name>MemManage_Handler</name>
         <value>0x55d3</value>
      </symbol>
      <symbol id="sm-879">
         <name>BusFault_Handler</name>
         <value>0x55d3</value>
      </symbol>
      <symbol id="sm-87a">
         <name>UsageFault_Handler</name>
         <value>0x55d3</value>
      </symbol>
      <symbol id="sm-87b">
         <name>SVC_Handler</name>
         <value>0x55d3</value>
      </symbol>
      <symbol id="sm-87c">
         <name>DebugMon_Handler</name>
         <value>0x55d3</value>
      </symbol>
      <symbol id="sm-87d">
         <name>PendSV_Handler</name>
         <value>0x55d3</value>
      </symbol>
      <symbol id="sm-87e">
         <name>SysTick_Handler</name>
         <value>0x55d3</value>
      </symbol>
      <symbol id="sm-87f">
         <name>PSS_IRQHandler</name>
         <value>0x55d3</value>
      </symbol>
      <symbol id="sm-880">
         <name>CS_IRQHandler</name>
         <value>0x55d3</value>
      </symbol>
      <symbol id="sm-881">
         <name>PCM_IRQHandler</name>
         <value>0x55d3</value>
      </symbol>
      <symbol id="sm-882">
         <name>WDT_A_IRQHandler</name>
         <value>0x55d3</value>
      </symbol>
      <symbol id="sm-883">
         <name>FPU_IRQHandler</name>
         <value>0x55d3</value>
      </symbol>
      <symbol id="sm-884">
         <name>FLCTL_IRQHandler</name>
         <value>0x55d3</value>
      </symbol>
      <symbol id="sm-885">
         <name>COMP_E0_IRQHandler</name>
         <value>0x55d3</value>
      </symbol>
      <symbol id="sm-886">
         <name>COMP_E1_IRQHandler</name>
         <value>0x55d3</value>
      </symbol>
      <symbol id="sm-887">
         <name>TA0_0_IRQHandler</name>
         <value>0x37b3</value>
      </symbol>
      <symbol id="sm-888">
         <name>TA0_N_IRQHandler</name>
         <value>0x55d3</value>
      </symbol>
      <symbol id="sm-889">
         <name>TA1_0_IRQHandler</name>
         <value>0x55d3</value>
      </symbol>
      <symbol id="sm-88a">
         <name>TA1_N_IRQHandler</name>
         <value>0x55d3</value>
      </symbol>
      <symbol id="sm-88b">
         <name>TA2_0_IRQHandler</name>
         <value>0x55d3</value>
      </symbol>
      <symbol id="sm-88c">
         <name>TA2_N_IRQHandler</name>
         <value>0x55d3</value>
      </symbol>
      <symbol id="sm-88d">
         <name>TA3_0_IRQHandler</name>
         <value>0x55d3</value>
      </symbol>
      <symbol id="sm-88e">
         <name>TA3_N_IRQHandler</name>
         <value>0x55d3</value>
      </symbol>
      <symbol id="sm-88f">
         <name>EUSCIA0_IRQHandler</name>
         <value>0x55d3</value>
      </symbol>
      <symbol id="sm-890">
         <name>EUSCIA1_IRQHandler</name>
         <value>0x55d3</value>
      </symbol>
      <symbol id="sm-891">
         <name>EUSCIA2_IRQHandler</name>
         <value>0x36f3</value>
      </symbol>
      <symbol id="sm-892">
         <name>EUSCIA3_IRQHandler</name>
         <value>0x55d3</value>
      </symbol>
      <symbol id="sm-893">
         <name>EUSCIB0_IRQHandler</name>
         <value>0x55d3</value>
      </symbol>
      <symbol id="sm-894">
         <name>EUSCIB1_IRQHandler</name>
         <value>0x55d3</value>
      </symbol>
      <symbol id="sm-895">
         <name>EUSCIB2_IRQHandler</name>
         <value>0x55d3</value>
      </symbol>
      <symbol id="sm-896">
         <name>EUSCIB3_IRQHandler</name>
         <value>0x55d3</value>
      </symbol>
      <symbol id="sm-897">
         <name>ADC14_IRQHandler</name>
         <value>0x55d3</value>
      </symbol>
      <symbol id="sm-898">
         <name>T32_INT1_IRQHandler</name>
         <value>0x55d3</value>
      </symbol>
      <symbol id="sm-899">
         <name>T32_INT2_IRQHandler</name>
         <value>0x55d3</value>
      </symbol>
      <symbol id="sm-89a">
         <name>T32_INTC_IRQHandler</name>
         <value>0x55d3</value>
      </symbol>
      <symbol id="sm-89b">
         <name>AES256_IRQHandler</name>
         <value>0x55d3</value>
      </symbol>
      <symbol id="sm-89c">
         <name>RTC_C_IRQHandler</name>
         <value>0x55d3</value>
      </symbol>
      <symbol id="sm-89d">
         <name>DMA_ERR_IRQHandler</name>
         <value>0x55d3</value>
      </symbol>
      <symbol id="sm-89e">
         <name>DMA_INT3_IRQHandler</name>
         <value>0x55d3</value>
      </symbol>
      <symbol id="sm-89f">
         <name>DMA_INT2_IRQHandler</name>
         <value>0x55d3</value>
      </symbol>
      <symbol id="sm-8a0">
         <name>DMA_INT1_IRQHandler</name>
         <value>0x55d3</value>
      </symbol>
      <symbol id="sm-8a1">
         <name>DMA_INT0_IRQHandler</name>
         <value>0x55d3</value>
      </symbol>
      <symbol id="sm-8a2">
         <name>PORT1_IRQHandler</name>
         <value>0x55d3</value>
      </symbol>
      <symbol id="sm-8a3">
         <name>PORT2_IRQHandler</name>
         <value>0x55d3</value>
      </symbol>
      <symbol id="sm-8a4">
         <name>PORT3_IRQHandler</name>
         <value>0xfe3</value>
      </symbol>
      <symbol id="sm-8a5">
         <name>PORT4_IRQHandler</name>
         <value>0x101f</value>
      </symbol>
      <symbol id="sm-8a6">
         <name>PORT5_IRQHandler</name>
         <value>0x1073</value>
      </symbol>
      <symbol id="sm-8a7">
         <name>PORT6_IRQHandler</name>
         <value>0x55d3</value>
      </symbol>
   </symbol_table>
   <title>Link successful</title>
</link_info>
